../Stm32_F103C6_Drivers/EXTI.c:33:6:EXTI_Init	16	static
../Stm32_F103C6_Drivers/EXTI.c:44:6:EXTI_Update	16	static
../Stm32_F103C6_Drivers/EXTI.c:55:6:EXTI_DeInit	4	static
../Stm32_F103C6_Drivers/EXTI.c:79:6:Update_EXTI	24	static
../Stm32_F103C6_Drivers/EXTI.c:148:6:Enable_NVIC	16	static
../Stm32_F103C6_Drivers/EXTI.c:197:6:Disable_NVIC	16	static
../Stm32_F103C6_Drivers/EXTI.c:240:6:EXTI0_IRQHandler	8	static
../Stm32_F103C6_Drivers/EXTI.c:250:6:EXTI1_IRQHandler	8	static
../Stm32_F103C6_Drivers/EXTI.c:259:6:EXTI2_IRQHandler	8	static
../Stm32_F103C6_Drivers/EXTI.c:268:6:EXTI3_IRQHandler	8	static
../Stm32_F103C6_Drivers/EXTI.c:277:6:EXTI4_IRQHandler	8	static
../Stm32_F103C6_Drivers/EXTI.c:286:6:EXTI9_5_IRQHandler	8	static
../Stm32_F103C6_Drivers/EXTI.c:294:6:EXTI15_10_IRQHandler	8	static
