../Stm32_F103C6_Drivers/USART.c:19:6:UART_Init	24	static
../Stm32_F103C6_Drivers/USART.c:99:6:UART_DeInit	16	static
../Stm32_F103C6_Drivers/USART.c:117:6:UART_GPIO_Set_Pins	24	static
../Stm32_F103C6_Drivers/USART.c:203:6:UART_SendData	24	static
../Stm32_F103C6_Drivers/USART.c:221:6:UART_ReceiveData	24	static
../Stm32_F103C6_Drivers/USART.c:252:6:UART_TRANS_COMPLETE	16	static
../Stm32_F103C6_Drivers/USART.c:256:6:USART1_IRQHandler	8	static
../Stm32_F103C6_Drivers/USART.c:260:6:USART2_IRQHandler	8	static
../Stm32_F103C6_Drivers/USART.c:264:6:USART3_IRQHandler	8	static
