Archive member included to satisfy reference by file (symbol)

C:/ST/STM32CubeIDE_1.14.1/STM32CubeIDE/plugins/com.st.stm32cube.ide.mcu.externaltools.gnu-tools-for-stm32.11.3.rel1.win32_1.1.100.202309141235/tools/bin/../lib/gcc/arm-none-eabi/11.3.1/../../../../arm-none-eabi/lib/thumb/v7-m/nofp\libc_nano.a(libc_a-exit.o)
                              C:/ST/STM32CubeIDE_1.14.1/STM32CubeIDE/plugins/com.st.stm32cube.ide.mcu.externaltools.gnu-tools-for-stm32.11.3.rel1.win32_1.1.100.202309141235/tools/bin/../lib/gcc/arm-none-eabi/11.3.1/../../../../arm-none-eabi/lib/thumb/v7-m/nofp/crt0.o (exit)
C:/ST/STM32CubeIDE_1.14.1/STM32CubeIDE/plugins/com.st.stm32cube.ide.mcu.externaltools.gnu-tools-for-stm32.11.3.rel1.win32_1.1.100.202309141235/tools/bin/../lib/gcc/arm-none-eabi/11.3.1/../../../../arm-none-eabi/lib/thumb/v7-m/nofp\libc_nano.a(libc_a-findfp.o)
                              C:/ST/STM32CubeIDE_1.14.1/STM32CubeIDE/plugins/com.st.stm32cube.ide.mcu.externaltools.gnu-tools-for-stm32.11.3.rel1.win32_1.1.100.202309141235/tools/bin/../lib/gcc/arm-none-eabi/11.3.1/../../../../arm-none-eabi/lib/thumb/v7-m/nofp\libc_nano.a(libc_a-exit.o) (__stdio_exit_handler)
C:/ST/STM32CubeIDE_1.14.1/STM32CubeIDE/plugins/com.st.stm32cube.ide.mcu.externaltools.gnu-tools-for-stm32.11.3.rel1.win32_1.1.100.202309141235/tools/bin/../lib/gcc/arm-none-eabi/11.3.1/../../../../arm-none-eabi/lib/thumb/v7-m/nofp\libc_nano.a(libc_a-fwalk.o)
                              C:/ST/STM32CubeIDE_1.14.1/STM32CubeIDE/plugins/com.st.stm32cube.ide.mcu.externaltools.gnu-tools-for-stm32.11.3.rel1.win32_1.1.100.202309141235/tools/bin/../lib/gcc/arm-none-eabi/11.3.1/../../../../arm-none-eabi/lib/thumb/v7-m/nofp\libc_nano.a(libc_a-findfp.o) (_fwalk_sglue)
C:/ST/STM32CubeIDE_1.14.1/STM32CubeIDE/plugins/com.st.stm32cube.ide.mcu.externaltools.gnu-tools-for-stm32.11.3.rel1.win32_1.1.100.202309141235/tools/bin/../lib/gcc/arm-none-eabi/11.3.1/../../../../arm-none-eabi/lib/thumb/v7-m/nofp\libc_nano.a(libc_a-stdio.o)
                              C:/ST/STM32CubeIDE_1.14.1/STM32CubeIDE/plugins/com.st.stm32cube.ide.mcu.externaltools.gnu-tools-for-stm32.11.3.rel1.win32_1.1.100.202309141235/tools/bin/../lib/gcc/arm-none-eabi/11.3.1/../../../../arm-none-eabi/lib/thumb/v7-m/nofp\libc_nano.a(libc_a-findfp.o) (__sread)
C:/ST/STM32CubeIDE_1.14.1/STM32CubeIDE/plugins/com.st.stm32cube.ide.mcu.externaltools.gnu-tools-for-stm32.11.3.rel1.win32_1.1.100.202309141235/tools/bin/../lib/gcc/arm-none-eabi/11.3.1/../../../../arm-none-eabi/lib/thumb/v7-m/nofp\libc_nano.a(libc_a-memset.o)
                              C:/ST/STM32CubeIDE_1.14.1/STM32CubeIDE/plugins/com.st.stm32cube.ide.mcu.externaltools.gnu-tools-for-stm32.11.3.rel1.win32_1.1.100.202309141235/tools/bin/../lib/gcc/arm-none-eabi/11.3.1/../../../../arm-none-eabi/lib/thumb/v7-m/nofp/crt0.o (memset)
C:/ST/STM32CubeIDE_1.14.1/STM32CubeIDE/plugins/com.st.stm32cube.ide.mcu.externaltools.gnu-tools-for-stm32.11.3.rel1.win32_1.1.100.202309141235/tools/bin/../lib/gcc/arm-none-eabi/11.3.1/../../../../arm-none-eabi/lib/thumb/v7-m/nofp\libc_nano.a(libc_a-closer.o)
                              C:/ST/STM32CubeIDE_1.14.1/STM32CubeIDE/plugins/com.st.stm32cube.ide.mcu.externaltools.gnu-tools-for-stm32.11.3.rel1.win32_1.1.100.202309141235/tools/bin/../lib/gcc/arm-none-eabi/11.3.1/../../../../arm-none-eabi/lib/thumb/v7-m/nofp\libc_nano.a(libc_a-stdio.o) (_close_r)
C:/ST/STM32CubeIDE_1.14.1/STM32CubeIDE/plugins/com.st.stm32cube.ide.mcu.externaltools.gnu-tools-for-stm32.11.3.rel1.win32_1.1.100.202309141235/tools/bin/../lib/gcc/arm-none-eabi/11.3.1/../../../../arm-none-eabi/lib/thumb/v7-m/nofp\libc_nano.a(libc_a-reent.o)
                              C:/ST/STM32CubeIDE_1.14.1/STM32CubeIDE/plugins/com.st.stm32cube.ide.mcu.externaltools.gnu-tools-for-stm32.11.3.rel1.win32_1.1.100.202309141235/tools/bin/../lib/gcc/arm-none-eabi/11.3.1/../../../../arm-none-eabi/lib/thumb/v7-m/nofp\libc_nano.a(libc_a-closer.o) (errno)
C:/ST/STM32CubeIDE_1.14.1/STM32CubeIDE/plugins/com.st.stm32cube.ide.mcu.externaltools.gnu-tools-for-stm32.11.3.rel1.win32_1.1.100.202309141235/tools/bin/../lib/gcc/arm-none-eabi/11.3.1/../../../../arm-none-eabi/lib/thumb/v7-m/nofp\libc_nano.a(libc_a-impure.o)
                              C:/ST/STM32CubeIDE_1.14.1/STM32CubeIDE/plugins/com.st.stm32cube.ide.mcu.externaltools.gnu-tools-for-stm32.11.3.rel1.win32_1.1.100.202309141235/tools/bin/../lib/gcc/arm-none-eabi/11.3.1/../../../../arm-none-eabi/lib/thumb/v7-m/nofp\libc_nano.a(libc_a-reent.o) (_impure_ptr)
C:/ST/STM32CubeIDE_1.14.1/STM32CubeIDE/plugins/com.st.stm32cube.ide.mcu.externaltools.gnu-tools-for-stm32.11.3.rel1.win32_1.1.100.202309141235/tools/bin/../lib/gcc/arm-none-eabi/11.3.1/../../../../arm-none-eabi/lib/thumb/v7-m/nofp\libc_nano.a(libc_a-lseekr.o)
[...]
Memory Configuration

Name             Origin             Length             Attributes
RAM              0x0000000020000000 0x0000000000002800 xrw
FLASH            0x0000000008000000 0x0000000000008000 xr
*default*        0x0000000000000000 0xffffffffffffffff

Linker script and memory map

LOAD C:/ST/STM32CubeIDE_1.14.1/STM32CubeIDE/plugins/com.st.stm32cube.ide.mcu.externaltools.gnu-tools-for-stm32.11.3.rel1.win32_1.1.100.202309141235/tools/bin/../lib/gcc/arm-none-eabi/11.3.1/thumb/v7-m/nofp/crti.o
LOAD C:/ST/STM32CubeIDE_1.14.1/STM32CubeIDE/plugins/com.st.stm32cube.ide.mcu.externaltools.gnu-tools-for-stm32.11.3.rel1.win32_1.1.100.202309141235/tools/bin/../lib/gcc/arm-none-eabi/11.3.1/thumb/v7-m/nofp/crtbegin.o
LOAD C:/ST/STM32CubeIDE_1.14.1/STM32CubeIDE/plugins/com.st.stm32cube.ide.mcu.externaltools.gnu-tools-for-stm32.11.3.rel1.win32_1.1.100.202309141235/tools/bin/../lib/gcc/arm-none-eabi/11.3.1/../../../../arm-none-eabi/lib/thumb/v7-m/nofp/crt0.o
LOAD ./HAL/KPD.o
LOAD ./HAL/LCD.o
LOAD ./MY_RTOS/Circular_FIFO.o
LOAD ./MY_RTOS/CortexMX_OS_porting.o
LOAD ./MY_RTOS/Scheduler.o
LOAD ./Src/main.o
LOAD ./Src/syscalls.o
LOAD ./Src/sysmem.o
LOAD ./Startup/startup_stm32f103c6tx.o
LOAD ./Stm32_F103C6_Drivers/EXTI.o
LOAD ./Stm32_F103C6_Drivers/GPIO.o
START GROUP
LOAD C:/ST/STM32CubeIDE_1.14.1/STM32CubeIDE/plugins/com.st.stm32cube.ide.mcu.externaltools.gnu-tools-for-stm32.11.3.rel1.win32_1.1.100.202309141235/tools/bin/../lib/gcc/arm-none-eabi/11.3.1/../../../../arm-none-eabi/lib/thumb/v7-m/nofp\libc_nano.a
LOAD C:/ST/STM32CubeIDE_1.14.1/STM32CubeIDE/plugins/com.st.stm32cube.ide.mcu.externaltools.gnu-tools-for-stm32.11.3.rel1.win32_1.1.100.202309141235/tools/bin/../lib/gcc/arm-none-eabi/11.3.1/../../../../arm-none-eabi/lib/thumb/v7-m/nofp\libm.a
END GROUP
START GROUP
LOAD C:/ST/STM32CubeIDE_1.14.1/STM32CubeIDE/plugins/com.st.stm32cube.ide.mcu.externaltools.gnu-tools-for-stm32.11.3.rel1.win32_1.1.100.202309141235/tools/bin/../lib/gcc/arm-none-eabi/11.3.1/thumb/v7-m/nofp\libgcc.a
LOAD C:/ST/STM32CubeIDE_1.14.1/STM32CubeIDE/plugins/com.st.stm32cube.ide.mcu.externaltools.gnu-tools-for-stm32.11.3.rel1.win32_1.1.100.202309141235/tools/bin/../lib/gcc/arm-none-eabi/11.3.1/../../../../arm-none-eabi/lib/thumb/v7-m/nofp\libg_nano.a
LOAD C:/ST/STM32CubeIDE_1.14.1/STM32CubeIDE/plugins/com.st.stm32cube.ide.mcu.externaltools.gnu-tools-for-stm32.11.3.rel1.win32_1.1.100.202309141235/tools/bin/../lib/gcc/arm-none-eabi/11.3.1/../../../../arm-none-eabi/lib/thumb/v7-m/nofp\libc_nano.a
END GROUP
START GROUP
LOAD C:/ST/STM32CubeIDE_1.14.1/STM32CubeIDE/plugins/com.st.stm32cube.ide.mcu.externaltools.gnu-tools-for-stm32.11.3.rel1.win32_1.1.100.202309141235/tools/bin/../lib/gcc/arm-none-eabi/11.3.1/thumb/v7-m/nofp\libgcc.a
LOAD C:/ST/STM32CubeIDE_1.14.1/STM32CubeIDE/plugins/com.st.stm32cube.ide.mcu.externaltools.gnu-tools-for-stm32.11.3.rel1.win32_1.1.100.202309141235/tools/bin/../lib/gcc/arm-none-eabi/11.3.1/../../../../arm-none-eabi/lib/thumb/v7-m/nofp\libc_nano.a
LOAD C:/ST/STM32CubeIDE_1.14.1/STM32CubeIDE/plugins/com.st.stm32cube.ide.mcu.externaltools.gnu-tools-for-stm32.11.3.rel1.win32_1.1.100.202309141235/tools/bin/../lib/gcc/arm-none-eabi/11.3.1/../../../../arm-none-eabi/lib/thumb/v7-m/nofp\libnosys.a
END GROUP
START GROUP
LOAD C:/ST/STM32CubeIDE_1.14.1/STM32CubeIDE/plugins/com.st.stm32cube.ide.mcu.externaltools.gnu-tools-for-stm32.11.3.rel1.win32_1.1.100.202309141235/tools/bin/../lib/gcc/arm-none-eabi/11.3.1/thumb/v7-m/nofp\libgcc.a
LOAD C:/ST/STM32CubeIDE_1.14.1/STM32CubeIDE/plugins/com.st.stm32cube.ide.mcu.externaltools.gnu-tools-for-stm32.11.3.rel1.win32_1.1.100.202309141235/tools/bin/../lib/gcc/arm-none-eabi/11.3.1/../../../../arm-none-eabi/lib/thumb/v7-m/nofp\libc_nano.a
LOAD C:/ST/STM32CubeIDE_1.14.1/STM32CubeIDE/plugins/com.st.stm32cube.ide.mcu.externaltools.gnu-tools-for-stm32.11.3.rel1.win32_1.1.100.202309141235/tools/bin/../lib/gcc/arm-none-eabi/11.3.1/../../../../arm-none-eabi/lib/thumb/v7-m/nofp\libnosys.a
END GROUP
LOAD C:/ST/STM32CubeIDE_1.14.1/STM32CubeIDE/plugins/com.st.stm32cube.ide.mcu.externaltools.gnu-tools-for-stm32.11.3.rel1.win32_1.1.100.202309141235/tools/bin/../lib/gcc/arm-none-eabi/11.3.1/thumb/v7-m/nofp/crtend.o
LOAD C:/ST/STM32CubeIDE_1.14.1/STM32CubeIDE/plugins/com.st.stm32cube.ide.mcu.externaltools.gnu-tools-for-stm32.11.3.rel1.win32_1.1.100.202309141235/tools/bin/../lib/gcc/arm-none-eabi/11.3.1/thumb/v7-m/nofp/crtn.o
                0x0000000020002800                _estack = (ORIGIN (RAM) + LENGTH (RAM))
                0x0000000000000200                _Min_Heap_Size = 0x200
                0x0000000000000400                _Min_Stack_Size = 0x400

.isr_vector     0x0000000008000000      0x130
                0x0000000008000000                . = ALIGN (0x4)
 *(.isr_vector)
 .isr_vector    0x0000000008000000      0x130 ./Startup/startup_stm32f103c6tx.o
                0x0000000008000000                g_pfnVectors
                0x0000000008000130                . = ALIGN (0x4)

.text           0x0000000008000130      0xeec
                0x0000000008000130                . = ALIGN (0x4)
 *(.text)
 .text          0x0000000008000130       0x40 C:/ST/STM32CubeIDE_1.14.1/STM32CubeIDE/plugins/com.st.stm32cube.ide.mcu.externaltools.gnu-tools-for-stm32.11.3.rel1.win32_1.1.100.202309141235/tools/bin/../lib/gcc/arm-none-eabi/11.3.1/thumb/v7-m/nofp/crtbegin.o
 .text          0x0000000008000170       0x14 C:/ST/STM32CubeIDE_1.14.1/STM32CubeIDE/plugins/com.st.stm32cube.ide.mcu.externaltools.gnu-tools-for-stm32.11.3.rel1.win32_1.1.100.202309141235/tools/bin/../lib/gcc/arm-none-eabi/11.3.1/../../../../arm-none-eabi/lib/thumb/v7-m/nofp\libc_nano.a(libc_a-strcmp.o)
                0x0000000008000170                strcmp
 *(.text*)
 .text.FIFO_init
                0x0000000008000184       0x44 ./MY_RTOS/Circular_FIFO.o
                0x0000000008000184                FIFO_init
 .text.FIFO_enqueue
                0x00000000080001c8       0x84 ./MY_RTOS/Circular_FIFO.o
                0x00000000080001c8                FIFO_enqueue
 .text.FIFO_dequeue
                0x000000000800024c       0x7a ./MY_RTOS/Circular_FIFO.o
                0x000000000800024c                FIFO_dequeue
 *fill*         0x00000000080002c6        0x2 
 .text.__NVIC_SetPriority
                0x00000000080002c8       0x54 ./MY_RTOS/CortexMX_OS_porting.o
 .text.SysTick_Config
                0x000000000800031c       0x44 ./MY_RTOS/CortexMX_OS_porting.o
 .text.HW_init  0x0000000008000360       0x12 ./MY_RTOS/CortexMX_OS_porting.o
                0x0000000008000360                HW_init
 .text.HardFault_Handler
                0x0000000008000372        0x6 ./MY_RTOS/CortexMX_OS_porting.o
                0x0000000008000372                HardFault_Handler
 .text.MemManage_Handler
                0x0000000008000378        0x6 ./MY_RTOS/CortexMX_OS_porting.o
                0x0000000008000378                MemManage_Handler
 .text.BusFault_Handler
                0x000000000800037e        0x6 ./MY_RTOS/CortexMX_OS_porting.o
                0x000000000800037e                BusFault_Handler
 .text.UsageFault_Handler
                0x0000000008000384        0x6 ./MY_RTOS/CortexMX_OS_porting.o
                0x0000000008000384                UsageFault_Handler
 .text.SVC_Handler
                0x000000000800038a       0x14 ./MY_RTOS/CortexMX_OS_porting.o
                0x000000000800038a                SVC_Handler
 *fill*         0x000000000800039e        0x2 
 .text.Trigger_OS_PendSV
                0x00000000080003a0       0x1c ./MY_RTOS/CortexMX_OS_porting.o
                0x00000000080003a0                Trigger_OS_PendSV
 .text.Start_ticker
                0x00000000080003bc       0x10 ./MY_RTOS/CortexMX_OS_porting.o
                0x00000000080003bc                Start_ticker
 .text.SysTick_Handler
                0x00000000080003cc       0x28 ./MY_RTOS/CortexMX_OS_porting.o
                0x00000000080003cc                SysTick_Handler
 .text.PendSV_Handler
                0x00000000080003f4      0x1b8 ./MY_RTOS/Scheduler.o
                0x00000000080003f4                PendSV_Handler
 .text.IsmailRTOS_IdleTask
                0x00000000080005ac       0x1c ./MY_RTOS/Scheduler.o
                0x00000000080005ac                IsmailRTOS_IdleTask
 .text.IsmailRTOS_Create_IdleTask
                0x00000000080005c8       0x3c ./MY_RTOS/Scheduler.o
                0x00000000080005c8                IsmailRTOS_Create_IdleTask
 .text.IsmailRTOS_Create_MainStack
                0x0000000008000604       0x3c ./MY_RTOS/Scheduler.o
                0x0000000008000604                IsmailRTOS_Create_MainStack
 .text.IsmailRTOS_Init
                0x0000000008000640       0x5c ./MY_RTOS/Scheduler.o
                0x0000000008000640                IsmailRTOS_Init
 .text.IsmailRTOS_CreateTask_Stack
                0x000000000800069c       0x74 ./MY_RTOS/Scheduler.o
                0x000000000800069c                IsmailRTOS_CreateTask_Stack
 .text.IsmailRTOS_CreateTask
                0x0000000008000710       0x7c ./MY_RTOS/Scheduler.o
                0x0000000008000710                IsmailRTOS_CreateTask
 .text.bubbleSort
                0x000000000800078c       0x90 ./MY_RTOS/Scheduler.o
                0x000000000800078c                bubbleSort
 .text.IsmailRTOS_UpdateSchedular
                0x000000000800081c       0xc0 ./MY_RTOS/Scheduler.o
                0x000000000800081c                IsmailRTOS_UpdateSchedular
 .text.Decide_WhatNext
                0x00000000080008dc       0xa4 ./MY_RTOS/Scheduler.o
                0x00000000080008dc                Decide_WhatNext
 .text.Os_SVC_Services
                0x0000000008000980       0x6c ./MY_RTOS/Scheduler.o
                0x0000000008000980                Os_SVC_Services
 .text.RTOS_OS_SVC_SET
                0x00000000080009ec       0x34 ./MY_RTOS/Scheduler.o
                0x00000000080009ec                RTOS_OS_SVC_SET
 .text.IsmailRTOS_ActivateTask
                0x0000000008000a20       0x1e ./MY_RTOS/Scheduler.o
                0x0000000008000a20                IsmailRTOS_ActivateTask
 .text.IsmailRTOS_TaskWait
                0x0000000008000a3e       0x2e ./MY_RTOS/Scheduler.o
                0x0000000008000a3e                IsmailRTOS_TaskWait
 .text.MYRTOS_Update_TasksWaitingTime
                0x0000000008000a6c       0x8c ./MY_RTOS/Scheduler.o
                0x0000000008000a6c                MYRTOS_Update_TasksWaitingTime
 .text.IsmailRTOS_STARTOS
                0x0000000008000af8       0x5c ./MY_RTOS/Scheduler.o
                0x0000000008000af8                IsmailRTOS_STARTOS
 .text.Task_A   0x0000000008000b54       0x24 ./Src/main.o
                0x0000000008000b54                Task_A
 .text.Task_B   0x0000000008000b78       0x28 ./Src/main.o
                0x0000000008000b78                Task_B
 .text.Task_C   0x0000000008000ba0       0x28 ./Src/main.o
                0x0000000008000ba0                Task_C
 .text.Task_D   0x0000000008000bc8       0x28 ./Src/main.o
                0x0000000008000bc8                Task_D
 .text.main     0x0000000008000bf0      0x158 ./Src/main.o
                0x0000000008000bf0                main
 .text.Reset_Handler
                0x0000000008000d48       0x50 ./Startup/startup_stm32f103c6tx.o
                0x0000000008000d48                Reset_Handler
 .text.Default_Handler
                0x0000000008000d98        0x2 ./Startup/startup_stm32f103c6tx.o
                0x0000000008000d98                TIM8_TRG_COM_IRQHandler
                0x0000000008000d98                TIM8_CC_IRQHandler
                0x0000000008000d98                DebugMon_Handler
                0x0000000008000d98                TIM1_CC_IRQHandler
                0x0000000008000d98                TIM6_IRQHandler
                0x0000000008000d98                PVD_IRQHandler
                0x0000000008000d98                SDIO_IRQHandler
                0x0000000008000d98                NMI_Handler
                0x0000000008000d98                USB_HP_CAN_TX_IRQHandler
                0x0000000008000d98                I2C2_EV_IRQHandler
                0x0000000008000d98                ADC1_2_IRQHandler
                0x0000000008000d98                SPI1_IRQHandler
                0x0000000008000d98                CAN_SCE_IRQHandler
                0x0000000008000d98                TAMPER_IRQHandler
                0x0000000008000d98                TIM8_UP_IRQHandler
                0x0000000008000d98                DMA2_Channel2_IRQHandler
                0x0000000008000d98                DMA1_Channel4_IRQHandler
                0x0000000008000d98                USART3_IRQHandler
                0x0000000008000d98                RTC_IRQHandler
                0x0000000008000d98                DMA1_Channel7_IRQHandler
                0x0000000008000d98                UART5_IRQHandler
                0x0000000008000d98                ADC3_IRQHandler
                0x0000000008000d98                TIM4_IRQHandler
                0x0000000008000d98                CAN_RX1_IRQHandler
                0x0000000008000d98                DMA2_Channel1_IRQHandler
                0x0000000008000d98                I2C1_EV_IRQHandler
                0x0000000008000d98                DMA1_Channel6_IRQHandler
                0x0000000008000d98                UART4_IRQHandler
                0x0000000008000d98                TIM3_IRQHandler
                0x0000000008000d98                RCC_IRQHandler
                0x0000000008000d98                TIM1_TRG_COM_IRQHandler
                0x0000000008000d98                DMA1_Channel1_IRQHandler
                0x0000000008000d98                Default_Handler
                0x0000000008000d98                TIM7_IRQHandler
                0x0000000008000d98                TIM5_IRQHandler
                0x0000000008000d98                SPI2_IRQHandler
                0x0000000008000d98                USB_LP_CAN_RX0_IRQHandler
                0x0000000008000d98                DMA1_Channel5_IRQHandler
                0x0000000008000d98                DMA1_Channel3_IRQHandler
                0x0000000008000d98                FSMC_IRQHandler
                0x0000000008000d98                TIM1_UP_IRQHandler
                0x0000000008000d98                WWDG_IRQHandler
                0x0000000008000d98                TIM2_IRQHandler
                0x0000000008000d98                TIM1_BRK_IRQHandler
                0x0000000008000d98                RTCAlarm_IRQHandler
                0x0000000008000d98                DMA2_Channel4_5_IRQHandler
                0x0000000008000d98                USART2_IRQHandler
                0x0000000008000d98                I2C2_ER_IRQHandler
                0x0000000008000d98                DMA1_Channel2_IRQHandler
                0x0000000008000d98                TIM8_BRK_IRQHandler
                0x0000000008000d98                FLASH_IRQHandler
                0x0000000008000d98                USART1_IRQHandler
                0x0000000008000d98                SPI3_IRQHandler
                0x0000000008000d98                I2C1_ER_IRQHandler
                0x0000000008000d98                DMA2_Channel3_IRQHandler
 *fill*         0x0000000008000d9a        0x2 
 .text.EXTI0_IRQHandler
                0x0000000008000d9c       0x24 ./Stm32_F103C6_Drivers/EXTI.o
                0x0000000008000d9c                EXTI0_IRQHandler
 .text.EXTI1_IRQHandler
                0x0000000008000dc0       0x24 ./Stm32_F103C6_Drivers/EXTI.o
                0x0000000008000dc0                EXTI1_IRQHandler
 .text.EXTI2_IRQHandler
                0x0000000008000de4       0x24 ./Stm32_F103C6_Drivers/EXTI.o
                0x0000000008000de4                EXTI2_IRQHandler
 .text.EXTI3_IRQHandler
                0x0000000008000e08       0x24 ./Stm32_F103C6_Drivers/EXTI.o
                0x0000000008000e08                EXTI3_IRQHandler
 .text.EXTI4_IRQHandler
                0x0000000008000e2c       0x24 ./Stm32_F103C6_Drivers/EXTI.o
                0x0000000008000e2c                EXTI4_IRQHandler
 .text.EXTI9_5_IRQHandler
                0x0000000008000e50       0xa8 ./Stm32_F103C6_Drivers/EXTI.o
                0x0000000008000e50                EXTI9_5_IRQHandler
 .text.EXTI15_10_IRQHandler
                0x0000000008000ef8       0xc4 ./Stm32_F103C6_Drivers/EXTI.o
                0x0000000008000ef8                EXTI15_10_IRQHandler
 .text.__libc_init_array
                0x0000000008000fbc       0x48 C:/ST/STM32CubeIDE_1.14.1/STM32CubeIDE/plugins/com.st.stm32cube.ide.mcu.externaltools.gnu-tools-for-stm32.11.3.rel1.win32_1.1.100.202309141235/tools/bin/../lib/gcc/arm-none-eabi/11.3.1/../../../../arm-none-eabi/lib/thumb/v7-m/nofp\libc_nano.a(libc_a-init.o)
                0x0000000008000fbc                __libc_init_array
 *(.glue_7)
 .glue_7        0x0000000008001004        0x0 linker stubs
 *(.glue_7t)
 .glue_7t       0x0000000008001004        0x0 linker stubs
 *(.eh_frame)
 .eh_frame      0x0000000008001004        0x0 C:/ST/STM32CubeIDE_1.14.1/STM32CubeIDE/plugins/com.st.stm32cube.ide.mcu.externaltools.gnu-tools-for-stm32.11.3.rel1.win32_1.1.100.202309141235/tools/bin/../lib/gcc/arm-none-eabi/11.3.1/thumb/v7-m/nofp/crtbegin.o
 *(.init)
 .init          0x0000000008001004        0x4 C:/ST/STM32CubeIDE_1.14.1/STM32CubeIDE/plugins/com.st.stm32cube.ide.mcu.externaltools.gnu-tools-for-stm32.11.3.rel1.win32_1.1.100.202309141235/tools/bin/../lib/gcc/arm-none-eabi/11.3.1/thumb/v7-m/nofp/crti.o
                0x0000000008001004                _init
 .init          0x0000000008001008        0x8 C:/ST/STM32CubeIDE_1.14.1/STM32CubeIDE/plugins/com.st.stm32cube.ide.mcu.externaltools.gnu-tools-for-stm32.11.3.rel1.win32_1.1.100.202309141235/tools/bin/../lib/gcc/arm-none-eabi/11.3.1/thumb/v7-m/nofp/crtn.o
 *(.fini)
 .fini          0x0000000008001010        0x4 C:/ST/STM32CubeIDE_1.14.1/STM32CubeIDE/plugins/com.st.stm32cube.ide.mcu.externaltools.gnu-tools-for-stm32.11.3.rel1.win32_1.1.100.202309141235/tools/bin/../lib/gcc/arm-none-eabi/11.3.1/thumb/v7-m/nofp/crti.o
                0x0000000008001010                _fini
 .fini          0x0000000008001014        0x8 C:/ST/STM32CubeIDE_1.14.1/STM32CubeIDE/plugins/com.st.stm32cube.ide.mcu.externaltools.gnu-tools-for-stm32.11.3.rel1.win32_1.1.100.202309141235/tools/bin/../lib/gcc/arm-none-eabi/11.3.1/thumb/v7-m/nofp/crtn.o
                0x000000000800101c                . = ALIGN (0x4)
                0x000000000800101c                _etext = .

.vfp11_veneer   0x000000000800101c        0x0
 .vfp11_veneer  0x000000000800101c        0x0 linker stubs

.v4_bx          0x000000000800101c        0x0
 .v4_bx         0x000000000800101c        0x0 linker stubs

.iplt           0x000000000800101c        0x0
 .iplt          0x000000000800101c        0x0 C:/ST/STM32CubeIDE_1.14.1/STM32CubeIDE/plugins/com.st.stm32cube.ide.mcu.externaltools.gnu-tools-for-stm32.11.3.rel1.win32_1.1.100.202309141235/tools/bin/../lib/gcc/arm-none-eabi/11.3.1/thumb/v7-m/nofp/crtbegin.o

.rodata         0x000000000800101c       0x2c
                0x000000000800101c                . = ALIGN (0x4)
 *(.rodata)
 .rodata        0x000000000800101c        0xa ./MY_RTOS/Scheduler.o
 *fill*         0x0000000008001026        0x2 
 .rodata        0x0000000008001028       0x1f ./Src/main.o
 *(.rodata*)
                0x0000000008001048                . = ALIGN (0x4)
 *fill*         0x0000000008001047        0x1 

.rel.dyn        0x0000000008001048        0x0
 .rel.iplt      0x0000000008001048        0x0 C:/ST/STM32CubeIDE_1.14.1/STM32CubeIDE/plugins/com.st.stm32cube.ide.mcu.externaltools.gnu-tools-for-stm32.11.3.rel1.win32_1.1.100.202309141235/tools/bin/../lib/gcc/arm-none-eabi/11.3.1/thumb/v7-m/nofp/crtbegin.o

.ARM.extab      0x0000000008001048        0x0
                0x0000000008001048                . = ALIGN (0x4)
 *(.ARM.extab* .gnu.linkonce.armextab.*)
                0x0000000008001048                . = ALIGN (0x4)

.ARM            0x0000000008001048        0x0
                0x0000000008001048                . = ALIGN (0x4)
                0x0000000008001048                __exidx_start = .
 *(.ARM.exidx*)
                0x0000000008001048                __exidx_end = .
                0x0000000008001048                . = ALIGN (0x4)

.preinit_array  0x0000000008001048        0x0
                0x0000000008001048                . = ALIGN (0x4)
                0x0000000008001048                PROVIDE (__preinit_array_start = .)
 *(.preinit_array*)
                0x0000000008001048                PROVIDE (__preinit_array_end = .)
                0x0000000008001048                . = ALIGN (0x4)

.init_array     0x0000000008001048        0x4
                0x0000000008001048                . = ALIGN (0x4)
                0x0000000008001048                PROVIDE (__init_array_start = .)
 *(SORT_BY_NAME(.init_array.*))
 *(.init_array*)
 .init_array    0x0000000008001048        0x4 C:/ST/STM32CubeIDE_1.14.1/STM32CubeIDE/plugins/com.st.stm32cube.ide.mcu.externaltools.gnu-tools-for-stm32.11.3.rel1.win32_1.1.100.202309141235/tools/bin/../lib/gcc/arm-none-eabi/11.3.1/thumb/v7-m/nofp/crtbegin.o
                0x000000000800104c                PROVIDE (__init_array_end = .)
                0x000000000800104c                . = ALIGN (0x4)

.fini_array     0x000000000800104c        0x4
                0x000000000800104c                . = ALIGN (0x4)
                [!provide]                        PROVIDE (__fini_array_start = .)
 *(SORT_BY_NAME(.fini_array.*))
 *(.fini_array*)
 .fini_array    0x000000000800104c        0x4 C:/ST/STM32CubeIDE_1.14.1/STM32CubeIDE/plugins/com.st.stm32cube.ide.mcu.externaltools.gnu-tools-for-stm32.11.3.rel1.win32_1.1.100.202309141235/tools/bin/../lib/gcc/arm-none-eabi/11.3.1/thumb/v7-m/nofp/crtbegin.o
                [!provide]                        PROVIDE (__fini_array_end = .)
                0x0000000008001050                . = ALIGN (0x4)
                0x0000000008001050                _sidata = LOADADDR (.data)

.data           0x0000000020000000        0x0 load address 0x0000000008001050
                0x0000000020000000                . = ALIGN (0x4)
                0x0000000020000000                _sdata = .
 *(.data)
 *(.data*)
 *(.RamFunc)
 *(.RamFunc*)
                0x0000000020000000                . = ALIGN (0x4)
                0x0000000020000000                _edata = .

.igot.plt       0x0000000020000000        0x0 load address 0x0000000008001050
 .igot.plt      0x0000000020000000        0x0 C:/ST/STM32CubeIDE_1.14.1/STM32CubeIDE/plugins/com.st.stm32cube.ide.mcu.externaltools.gnu-tools-for-stm32.11.3.rel1.win32_1.1.100.202309141235/tools/bin/../lib/gcc/arm-none-eabi/11.3.1/thumb/v7-m/nofp/crtbegin.o
                0x0000000020000000                . = ALIGN (0x4)

.bss            0x0000000020000000      0x4f4 load address 0x0000000008001050
                0x0000000020000000                _sbss = .
                0x0000000020000000                __bss_start__ = _sbss
 *(.bss)
 .bss           0x0000000020000000       0x1c C:/ST/STM32CubeIDE_1.14.1/STM32CubeIDE/plugins/com.st.stm32cube.ide.mcu.externaltools.gnu-tools-for-stm32.11.3.rel1.win32_1.1.100.202309141235/tools/bin/../lib/gcc/arm-none-eabi/11.3.1/thumb/v7-m/nofp/crtbegin.o
 *(.bss*)
 .bss.systickled
                0x000000002000001c        0x1 ./MY_RTOS/CortexMX_OS_porting.o
                0x000000002000001c                systickled
 *fill*         0x000000002000001d        0x3 
 .bss.OS_Control
                0x0000000020000020      0x1ac ./MY_RTOS/Scheduler.o
                0x0000000020000020                OS_Control
 .bss.ReadyQueue
                0x00000000200001cc       0x14 ./MY_RTOS/Scheduler.o
                0x00000000200001cc                ReadyQueue
 .bss.Ready_table
                0x00000000200001e0      0x190 ./MY_RTOS/Scheduler.o
                0x00000000200001e0                Ready_table
 .bss.Idle_task
                0x0000000020000370       0x40 ./MY_RTOS/Scheduler.o
                0x0000000020000370                Idle_task
 .bss.IdleTaskLed
                0x00000000200003b0        0x1 ./MY_RTOS/Scheduler.o
                0x00000000200003b0                IdleTaskLed
 *fill*         0x00000000200003b1        0x3 
 .bss.TaskA     0x00000000200003b4       0x40 ./Src/main.o
                0x00000000200003b4                TaskA
 .bss.TaskB     0x00000000200003f4       0x40 ./Src/main.o
                0x00000000200003f4                TaskB
 .bss.TaskC     0x0000000020000434       0x40 ./Src/main.o
                0x0000000020000434                TaskC
 .bss.TaskD     0x0000000020000474       0x40 ./Src/main.o
                0x0000000020000474                TaskD
 .bss.taskAled  0x00000000200004b4        0x1 ./Src/main.o
                0x00000000200004b4                taskAled
 .bss.taskBled  0x00000000200004b5        0x1 ./Src/main.o
                0x00000000200004b5                taskBled
 .bss.taskCled  0x00000000200004b6        0x1 ./Src/main.o
                0x00000000200004b6                taskCled
 .bss.taskDled  0x00000000200004b7        0x1 ./Src/main.o
                0x00000000200004b7                taskDled
 .bss.call_back
                0x00000000200004b8       0x3c ./Stm32_F103C6_Drivers/EXTI.o
                0x00000000200004b8                call_back
 *(COMMON)
                0x00000000200004f4                . = ALIGN (0x4)
                0x00000000200004f4                _ebss = .
                0x00000000200004f4                __bss_end__ = _ebss

._user_heap_stack
                0x00000000200004f4      0x604 load address 0x0000000008001050
                0x00000000200004f8                . = ALIGN (0x8)
 *fill*         0x00000000200004f4        0x4 
                [!provide]                        PROVIDE (end = .)
                0x00000000200004f8                PROVIDE (_end = .)
                0x00000000200006f8                . = (. + _Min_Heap_Size)
 *fill*         0x00000000200004f8      0x200 
                0x00000000200006f8                _eheap = .
                0x0000000020000af8                . = (. + _Min_Stack_Size)
 *fill*         0x00000000200006f8      0x400 
                0x0000000020000af8                . = ALIGN (0x8)

/DISCARD/
 libc.a(*)
 libm.a(*)
 libgcc.a(*)

.ARM.attributes
                0x0000000000000000       0x29
 *(.ARM.attributes)
 .ARM.attributes
                0x0000000000000000       0x1d C:/ST/STM32CubeIDE_1.14.1/STM32CubeIDE/plugins/com.st.stm32cube.ide.mcu.externaltools.gnu-tools-for-stm32.11.3.rel1.win32_1.1.100.202309141235/tools/bin/../lib/gcc/arm-none-eabi/11.3.1/thumb/v7-m/nofp/crti.o
 .ARM.attributes
                0x000000000000001d       0x2d C:/ST/STM32CubeIDE_1.14.1/STM32CubeIDE/plugins/com.st.stm32cube.ide.mcu.externaltools.gnu-tools-for-stm32.11.3.rel1.win32_1.1.100.202309141235/tools/bin/../lib/gcc/arm-none-eabi/11.3.1/thumb/v7-m/nofp/crtbegin.o
 .ARM.attributes
                0x000000000000004a       0x2d ./MY_RTOS/Circular_FIFO.o
 .ARM.attributes
                0x0000000000000077       0x2d ./MY_RTOS/CortexMX_OS_porting.o
 .ARM.attributes
                0x00000000000000a4       0x2d ./MY_RTOS/Scheduler.o
 .ARM.attributes
                0x00000000000000d1       0x2d ./Src/main.o
 .ARM.attributes
                0x00000000000000fe       0x21 ./Startup/startup_stm32f103c6tx.o
 .ARM.attributes
                0x000000000000011f       0x2d ./Stm32_F103C6_Drivers/EXTI.o
 .ARM.attributes
                0x000000000000014c       0x2d C:/ST/STM32CubeIDE_1.14.1/STM32CubeIDE/plugins/com.st.stm32cube.ide.mcu.externaltools.gnu-tools-for-stm32.11.3.rel1.win32_1.1.100.202309141235/tools/bin/../lib/gcc/arm-none-eabi/11.3.1/../../../../arm-none-eabi/lib/thumb/v7-m/nofp\libc_nano.a(libc_a-init.o)
 .ARM.attributes
                0x0000000000000179       0x1b C:/ST/STM32CubeIDE_1.14.1/STM32CubeIDE/plugins/com.st.stm32cube.ide.mcu.externaltools.gnu-tools-for-stm32.11.3.rel1.win32_1.1.100.202309141235/tools/bin/../lib/gcc/arm-none-eabi/11.3.1/../../../../arm-none-eabi/lib/thumb/v7-m/nofp\libc_nano.a(libc_a-strcmp.o)
 .ARM.attributes
                0x0000000000000194       0x1d C:/ST/STM32CubeIDE_1.14.1/STM32CubeIDE/plugins/com.st.stm32cube.ide.mcu.externaltools.gnu-tools-for-stm32.11.3.rel1.win32_1.1.100.202309141235/tools/bin/../lib/gcc/arm-none-eabi/11.3.1/thumb/v7-m/nofp/crtn.o
OUTPUT(Drivers.axf elf32-littlearm)
LOAD linker stubs
LOAD C:/ST/STM32CubeIDE_1.14.1/STM32CubeIDE/plugins/com.st.stm32cube.ide.mcu.externaltools.gnu-tools-for-stm32.11.3.rel1.win32_1.1.100.202309141235/tools/bin/../lib/gcc/arm-none-eabi/11.3.1/../../../../arm-none-eabi/lib/thumb/v7-m/nofp\libc.a
LOAD C:/ST/STM32CubeIDE_1.14.1/STM32CubeIDE/plugins/com.st.stm32cube.ide.mcu.externaltools.gnu-tools-for-stm32.11.3.rel1.win32_1.1.100.202309141235/tools/bin/../lib/gcc/arm-none-eabi/11.3.1/../../../../arm-none-eabi/lib/thumb/v7-m/nofp\libm.a
LOAD C:/ST/STM32CubeIDE_1.14.1/STM32CubeIDE/plugins/com.st.stm32cube.ide.mcu.externaltools.gnu-tools-for-stm32.11.3.rel1.win32_1.1.100.202309141235/tools/bin/../lib/gcc/arm-none-eabi/11.3.1/thumb/v7-m/nofp\libgcc.a

.comment        0x0000000000000000       0x43
 .comment       0x0000000000000000       0x43 C:/ST/STM32CubeIDE_1.14.1/STM32CubeIDE/plugins/com.st.stm32cube.ide.mcu.externaltools.gnu-tools-for-stm32.11.3.rel1.win32_1.1.100.202309141235/tools/bin/../lib/gcc/arm-none-eabi/11.3.1/thumb/v7-m/nofp/crtbegin.o
                                         0x44 (size before relaxing)
 .comment       0x0000000000000043       0x44 ./MY_RTOS/Circular_FIFO.o
 .comment       0x0000000000000043       0x44 ./MY_RTOS/CortexMX_OS_porting.o
 .comment       0x0000000000000043       0x44 ./MY_RTOS/Scheduler.o
 .comment       0x0000000000000043       0x44 ./Src/main.o
 .comment       0x0000000000000043       0x44 ./Stm32_F103C6_Drivers/EXTI.o

.debug_info     0x0000000000000000     0x1b26
 .debug_info    0x0000000000000000      0x382 ./MY_RTOS/Circular_FIFO.o
 .debug_info    0x0000000000000382      0x674 ./MY_RTOS/CortexMX_OS_porting.o
 .debug_info    0x00000000000009f6      0x804 ./MY_RTOS/Scheduler.o
 .debug_info    0x00000000000011fa      0x3df ./Src/main.o
 .debug_info    0x00000000000015d9       0x22 ./Startup/startup_stm32f103c6tx.o
 .debug_info    0x00000000000015fb      0x52b ./Stm32_F103C6_Drivers/EXTI.o

.debug_abbrev   0x0000000000000000      0x89e
 .debug_abbrev  0x0000000000000000       0xec ./MY_RTOS/Circular_FIFO.o
 .debug_abbrev  0x00000000000000ec      0x1e0 ./MY_RTOS/CortexMX_OS_porting.o
 .debug_abbrev  0x00000000000002cc      0x2ad ./MY_RTOS/Scheduler.o
 .debug_abbrev  0x0000000000000579      0x172 ./Src/main.o
 .debug_abbrev  0x00000000000006eb       0x12 ./Startup/startup_stm32f103c6tx.o
 .debug_abbrev  0x00000000000006fd      0x1a1 ./Stm32_F103C6_Drivers/EXTI.o

.debug_loc      0x0000000000000000      0xc3c
 .debug_loc     0x0000000000000000      0x170 ./MY_RTOS/Circular_FIFO.o
 .debug_loc     0x0000000000000170      0x224 ./MY_RTOS/CortexMX_OS_porting.o
 .debug_loc     0x0000000000000394      0x4a0 ./MY_RTOS/Scheduler.o
 .debug_loc     0x0000000000000834       0xe8 ./Src/main.o
 .debug_loc     0x000000000000091c      0x320 ./Stm32_F103C6_Drivers/EXTI.o

.debug_aranges  0x0000000000000000      0x230
 .debug_aranges
                0x0000000000000000       0x38 ./MY_RTOS/Circular_FIFO.o
 .debug_aranges
                0x0000000000000038       0x70 ./MY_RTOS/CortexMX_OS_porting.o
 .debug_aranges
                0x00000000000000a8       0xa0 ./MY_RTOS/Scheduler.o
 .debug_aranges
                0x0000000000000148       0x40 ./Src/main.o
 .debug_aranges
                0x0000000000000188       0x28 ./Startup/startup_stm32f103c6tx.o
 .debug_aranges
                0x00000000000001b0       0x80 ./Stm32_F103C6_Drivers/EXTI.o

.debug_ranges   0x0000000000000000      0x1d8
 .debug_ranges  0x0000000000000000       0x28 ./MY_RTOS/Circular_FIFO.o
 .debug_ranges  0x0000000000000028       0x60 ./MY_RTOS/CortexMX_OS_porting.o
 .debug_ranges  0x0000000000000088       0x90 ./MY_RTOS/Scheduler.o
 .debug_ranges  0x0000000000000118       0x30 ./Src/main.o
 .debug_ranges  0x0000000000000148       0x20 ./Startup/startup_stm32f103c6tx.o
 .debug_ranges  0x0000000000000168       0x70 ./Stm32_F103C6_Drivers/EXTI.o

.debug_macro    0x0000000000000000     0x1c0d
 .debug_macro   0x0000000000000000      0x1ae ./MY_RTOS/Circular_FIFO.o
 .debug_macro   0x00000000000001ae       0x28 ./MY_RTOS/Circular_FIFO.o
 .debug_macro   0x00000000000001d6       0x1c ./MY_RTOS/Circular_FIFO.o
 .debug_macro   0x00000000000001f2       0x22 ./MY_RTOS/Circular_FIFO.o
 .debug_macro   0x0000000000000214       0xdf ./MY_RTOS/Circular_FIFO.o
 .debug_macro   0x00000000000002f3      0xe3b ./MY_RTOS/Circular_FIFO.o
 .debug_macro   0x000000000000112e       0x2e ./MY_RTOS/Circular_FIFO.o
 .debug_macro   0x000000000000115c       0xbd ./MY_RTOS/CortexMX_OS_porting.o
 .debug_macro   0x0000000000001219       0x8e ./MY_RTOS/CortexMX_OS_porting.o
 .debug_macro   0x00000000000012a7       0x51 ./MY_RTOS/CortexMX_OS_porting.o
 .debug_macro   0x00000000000012f8      0x1b8 ./MY_RTOS/Scheduler.o
 .debug_macro   0x00000000000014b0       0x61 ./MY_RTOS/Scheduler.o
 .debug_macro   0x0000000000001511      0x1dc ./Src/main.o
 .debug_macro   0x00000000000016ed       0xc4 ./Src/main.o
 .debug_macro   0x00000000000017b1      0x21d ./Src/main.o
 .debug_macro   0x00000000000019ce      0x16f ./Stm32_F103C6_Drivers/EXTI.o
 .debug_macro   0x0000000000001b3d       0xd0 ./Stm32_F103C6_Drivers/EXTI.o

.debug_line     0x0000000000000000     0x2e68
 .debug_line    0x0000000000000000      0x830 ./MY_RTOS/Circular_FIFO.o
 .debug_line    0x0000000000000830      0x6b6 ./MY_RTOS/CortexMX_OS_porting.o
 .debug_line    0x0000000000000ee6      0xc6d ./MY_RTOS/Scheduler.o
 .debug_line    0x0000000000001b53      0x8e1 ./Src/main.o
 .debug_line    0x0000000000002434       0x84 ./Startup/startup_stm32f103c6tx.o
 .debug_line    0x00000000000024b8      0x9b0 ./Stm32_F103C6_Drivers/EXTI.o

.debug_str      0x0000000000000000     0xfba1
 .debug_str     0x0000000000000000     0xd17c ./MY_RTOS/Circular_FIFO.o
                                       0xd391 (size before relaxing)
 .debug_str     0x000000000000d17c      0x312 ./MY_RTOS/CortexMX_OS_porting.o
                                       0x9ab4 (size before relaxing)
 .debug_str     0x000000000000d48e      0x2da ./MY_RTOS/Scheduler.o
                                       0xd68d (size before relaxing)
 .debug_str     0x000000000000d768     0x215a ./Src/main.o
                                       0xf4c2 (size before relaxing)
 .debug_str     0x000000000000f8c2       0x2f ./Startup/startup_stm32f103c6tx.o
                                         0x94 (size before relaxing)
 .debug_str     0x000000000000f8f1      0x2b0 ./Stm32_F103C6_Drivers/EXTI.o
                                       0x9792 (size before relaxing)

.debug_frame    0x0000000000000000      0x6d4
 .debug_frame   0x0000000000000000       0xb0 ./MY_RTOS/Circular_FIFO.o
 .debug_frame   0x00000000000000b0      0x140 ./MY_RTOS/CortexMX_OS_porting.o
 .debug_frame   0x00000000000001f0      0x248 ./MY_RTOS/Scheduler.o
 .debug_frame   0x0000000000000438       0xa0 ./Src/main.o
 .debug_frame   0x00000000000004d8      0x1b0 ./Stm32_F103C6_Drivers/EXTI.o
 .debug_frame   0x0000000000000688       0x2c C:/ST/STM32CubeIDE_1.14.1/STM32CubeIDE/plugins/com.st.stm32cube.ide.mcu.externaltools.gnu-tools-for-stm32.11.3.rel1.win32_1.1.100.202309141235/tools/bin/../lib/gcc/arm-none-eabi/11.3.1/../../../../arm-none-eabi/lib/thumb/v7-m/nofp\libc_nano.a(libc_a-init.o)
 .debug_frame   0x00000000000006b4       0x20 C:/ST/STM32CubeIDE_1.14.1/STM32CubeIDE/plugins/com.st.stm32cube.ide.mcu.externaltools.gnu-tools-for-stm32.11.3.rel1.win32_1.1.100.202309141235/tools/bin/../lib/gcc/arm-none-eabi/11.3.1/../../../../arm-none-eabi/lib/thumb/v7-m/nofp\libc_nano.a(libc_a-strcmp.o)
