Archive member included to satisfy reference by file (symbol)

C:/ST/STM32CubeIDE_1.14.1/STM32CubeIDE/plugins/com.st.stm32cube.ide.mcu.externaltools.gnu-tools-for-stm32.11.3.rel1.win32_1.1.100.202309141235/tools/bin/../lib/gcc/arm-none-eabi/11.3.1/../../../../arm-none-eabi/lib/thumb/v7-m/nofp\libc_nano.a(libc_a-exit.o)
                              C:/ST/STM32CubeIDE_1.14.1/STM32CubeIDE/plugins/com.st.stm32cube.ide.mcu.externaltools.gnu-tools-for-stm32.11.3.rel1.win32_1.1.100.202309141235/tools/bin/../lib/gcc/arm-none-eabi/11.3.1/../../../../arm-none-eabi/lib/thumb/v7-m/nofp/crt0.o (exit)
C:/ST/STM32CubeIDE_1.14.1/STM32CubeIDE/plugins/com.st.stm32cube.ide.mcu.externaltools.gnu-tools-for-stm32.11.3.rel1.win32_1.1.100.202309141235/tools/bin/../lib/gcc/arm-none-eabi/11.3.1/../../../../arm-none-eabi/lib/thumb/v7-m/nofp\libc_nano.a(libc_a-findfp.o)
                              C:/ST/STM32CubeIDE_1.14.1/STM32CubeIDE/plugins/com.st.stm32cube.ide.mcu.externaltools.gnu-tools-for-stm32.11.3.rel1.win32_1.1.100.202309141235/tools/bin/../lib/gcc/arm-none-eabi/11.3.1/../../../../arm-none-eabi/lib/thumb/v7-m/nofp\libc_nano.a(libc_a-exit.o) (__stdio_exit_handler)
C:/ST/STM32CubeIDE_1.14.1/STM32CubeIDE/plugins/com.st.stm32cube.ide.mcu.externaltools.gnu-tools-for-stm32.11.3.rel1.win32_1.1.100.202309141235/tools/bin/../lib/gcc/arm-none-eabi/11.3.1/../../../../arm-none-eabi/lib/thumb/v7-m/nofp\libc_nano.a(libc_a-fwalk.o)
                              C:/ST/STM32CubeIDE_1.14.1/STM32CubeIDE/plugins/com.st.stm32cube.ide.mcu.externaltools.gnu-tools-for-stm32.11.3.rel1.win32_1.1.100.202309141235/tools/bin/../lib/gcc/arm-none-eabi/11.3.1/../../../../arm-none-eabi/lib/thumb/v7-m/nofp\libc_nano.a(libc_a-findfp.o) (_fwalk_sglue)
C:/ST/STM32CubeIDE_1.14.1/STM32CubeIDE/plugins/com.st.stm32cube.ide.mcu.externaltools.gnu-tools-for-stm32.11.3.rel1.win32_1.1.100.202309141235/tools/bin/../lib/gcc/arm-none-eabi/11.3.1/../../../../arm-none-eabi/lib/thumb/v7-m/nofp\libc_nano.a(libc_a-stdio.o)
                              C:/ST/STM32CubeIDE_1.14.1/STM32CubeIDE/plugins/com.st.stm32cube.ide.mcu.externaltools.gnu-tools-for-stm32.11.3.rel1.win32_1.1.100.202309141235/tools/bin/../lib/gcc/arm-none-eabi/11.3.1/../../../../arm-none-eabi/lib/thumb/v7-m/nofp\libc_nano.a(libc_a-findfp.o) (__sread)
C:/ST/STM32CubeIDE_1.14.1/STM32CubeIDE/plugins/com.st.stm32cube.ide.mcu.externaltools.gnu-tools-for-stm32.11.3.rel1.win32_1.1.100.202309141235/tools/bin/../lib/gcc/arm-none-eabi/11.3.1/../../../../arm-none-eabi/lib/thumb/v7-m/nofp\libc_nano.a(libc_a-memset.o)
                              C:/ST/STM32CubeIDE_1.14.1/STM32CubeIDE/plugins/com.st.stm32cube.ide.mcu.externaltools.gnu-tools-for-stm32.11.3.rel1.win32_1.1.100.202309141235/tools/bin/../lib/gcc/arm-none-eabi/11.3.1/../../../../arm-none-eabi/lib/thumb/v7-m/nofp/crt0.o (memset)
C:/ST/STM32CubeIDE_1.14.1/STM32CubeIDE/plugins/com.st.stm32cube.ide.mcu.externaltools.gnu-tools-for-stm32.11.3.rel1.win32_1.1.100.202309141235/tools/bin/../lib/gcc/arm-none-eabi/11.3.1/../../../../arm-none-eabi/lib/thumb/v7-m/nofp\libc_nano.a(libc_a-closer.o)
                              C:/ST/STM32CubeIDE_1.14.1/STM32CubeIDE/plugins/com.st.stm32cube.ide.mcu.externaltools.gnu-tools-for-stm32.11.3.rel1.win32_1.1.100.202309141235/tools/bin/../lib/gcc/arm-none-eabi/11.3.1/../../../../arm-none-eabi/lib/thumb/v7-m/nofp\libc_nano.a(libc_a-stdio.o) (_close_r)
C:/ST/STM32CubeIDE_1.14.1/STM32CubeIDE/plugins/com.st.stm32cube.ide.mcu.externaltools.gnu-tools-for-stm32.11.3.rel1.win32_1.1.100.202309141235/tools/bin/../lib/gcc/arm-none-eabi/11.3.1/../../../../arm-none-eabi/lib/thumb/v7-m/nofp\libc_nano.a(libc_a-reent.o)
                              C:/ST/STM32CubeIDE_1.14.1/STM32CubeIDE/plugins/com.st.stm32cube.ide.mcu.externaltools.gnu-tools-for-stm32.11.3.rel1.win32_1.1.100.202309141235/tools/bin/../lib/gcc/arm-none-eabi/11.3.1/../../../../arm-none-eabi/lib/thumb/v7-m/nofp\libc_nano.a(libc_a-closer.o) (errno)
C:/ST/STM32CubeIDE_1.14.1/STM32CubeIDE/plugins/com.st.stm32cube.ide.mcu.externaltools.gnu-tools-for-stm32.11.3.rel1.win32_1.1.100.202309141235/tools/bin/../lib/gcc/arm-none-eabi/11.3.1/../../../../arm-none-eabi/lib/thumb/v7-m/nofp\libc_nano.a(libc_a-impure.o)
                              C:/ST/STM32CubeIDE_1.14.1/STM32CubeIDE/plugins/com.st.stm32cube.ide.mcu.externaltools.gnu-tools-for-stm32.11.3.rel1.win32_1.1.100.202309141235/tools/bin/../lib/gcc/arm-none-eabi/11.3.1/../../../../arm-none-eabi/lib/thumb/v7-m/nofp\libc_nano.a(libc_a-reent.o) (_impure_ptr)
C:/ST/STM32CubeIDE_1.14.1/STM32CubeIDE/plugins/com.st.stm32cube.ide.mcu.externaltools.gnu-tools-for-stm32.11.3.rel1.win32_1.1.100.202309141235/tools/bin/../lib/gcc/arm-none-eabi/11.3.1/../../../../arm-none-eabi/lib/thumb/v7-m/nofp\libc_nano.a(libc_a-lseekr.o)
[...]
Memory Configuration

Name             Origin             Length             Attributes
RAM              0x0000000020000000 0x0000000000002800 xrw
FLASH            0x0000000008000000 0x0000000000008000 xr
*default*        0x0000000000000000 0xffffffffffffffff

Linker script and memory map

LOAD C:/ST/STM32CubeIDE_1.14.1/STM32CubeIDE/plugins/com.st.stm32cube.ide.mcu.externaltools.gnu-tools-for-stm32.11.3.rel1.win32_1.1.100.202309141235/tools/bin/../lib/gcc/arm-none-eabi/11.3.1/thumb/v7-m/nofp/crti.o
LOAD C:/ST/STM32CubeIDE_1.14.1/STM32CubeIDE/plugins/com.st.stm32cube.ide.mcu.externaltools.gnu-tools-for-stm32.11.3.rel1.win32_1.1.100.202309141235/tools/bin/../lib/gcc/arm-none-eabi/11.3.1/thumb/v7-m/nofp/crtbegin.o
LOAD C:/ST/STM32CubeIDE_1.14.1/STM32CubeIDE/plugins/com.st.stm32cube.ide.mcu.externaltools.gnu-tools-for-stm32.11.3.rel1.win32_1.1.100.202309141235/tools/bin/../lib/gcc/arm-none-eabi/11.3.1/../../../../arm-none-eabi/lib/thumb/v7-m/nofp/crt0.o
LOAD ./Src/main.o
LOAD ./Src/syscalls.o
LOAD ./Src/sysmem.o
LOAD ./Startup/startup_stm32f103c6tx.o
LOAD ./Stm32_F103C6_Drivers/GPIO.o
START GROUP
LOAD C:/ST/STM32CubeIDE_1.14.1/STM32CubeIDE/plugins/com.st.stm32cube.ide.mcu.externaltools.gnu-tools-for-stm32.11.3.rel1.win32_1.1.100.202309141235/tools/bin/../lib/gcc/arm-none-eabi/11.3.1/../../../../arm-none-eabi/lib/thumb/v7-m/nofp\libc_nano.a
LOAD C:/ST/STM32CubeIDE_1.14.1/STM32CubeIDE/plugins/com.st.stm32cube.ide.mcu.externaltools.gnu-tools-for-stm32.11.3.rel1.win32_1.1.100.202309141235/tools/bin/../lib/gcc/arm-none-eabi/11.3.1/../../../../arm-none-eabi/lib/thumb/v7-m/nofp\libm.a
END GROUP
START GROUP
LOAD C:/ST/STM32CubeIDE_1.14.1/STM32CubeIDE/plugins/com.st.stm32cube.ide.mcu.externaltools.gnu-tools-for-stm32.11.3.rel1.win32_1.1.100.202309141235/tools/bin/../lib/gcc/arm-none-eabi/11.3.1/thumb/v7-m/nofp\libgcc.a
LOAD C:/ST/STM32CubeIDE_1.14.1/STM32CubeIDE/plugins/com.st.stm32cube.ide.mcu.externaltools.gnu-tools-for-stm32.11.3.rel1.win32_1.1.100.202309141235/tools/bin/../lib/gcc/arm-none-eabi/11.3.1/../../../../arm-none-eabi/lib/thumb/v7-m/nofp\libg_nano.a
LOAD C:/ST/STM32CubeIDE_1.14.1/STM32CubeIDE/plugins/com.st.stm32cube.ide.mcu.externaltools.gnu-tools-for-stm32.11.3.rel1.win32_1.1.100.202309141235/tools/bin/../lib/gcc/arm-none-eabi/11.3.1/../../../../arm-none-eabi/lib/thumb/v7-m/nofp\libc_nano.a
END GROUP
START GROUP
LOAD C:/ST/STM32CubeIDE_1.14.1/STM32CubeIDE/plugins/com.st.stm32cube.ide.mcu.externaltools.gnu-tools-for-stm32.11.3.rel1.win32_1.1.100.202309141235/tools/bin/../lib/gcc/arm-none-eabi/11.3.1/thumb/v7-m/nofp\libgcc.a
LOAD C:/ST/STM32CubeIDE_1.14.1/STM32CubeIDE/plugins/com.st.stm32cube.ide.mcu.externaltools.gnu-tools-for-stm32.11.3.rel1.win32_1.1.100.202309141235/tools/bin/../lib/gcc/arm-none-eabi/11.3.1/../../../../arm-none-eabi/lib/thumb/v7-m/nofp\libc_nano.a
LOAD C:/ST/STM32CubeIDE_1.14.1/STM32CubeIDE/plugins/com.st.stm32cube.ide.mcu.externaltools.gnu-tools-for-stm32.11.3.rel1.win32_1.1.100.202309141235/tools/bin/../lib/gcc/arm-none-eabi/11.3.1/../../../../arm-none-eabi/lib/thumb/v7-m/nofp\libnosys.a
END GROUP
START GROUP
LOAD C:/ST/STM32CubeIDE_1.14.1/STM32CubeIDE/plugins/com.st.stm32cube.ide.mcu.externaltools.gnu-tools-for-stm32.11.3.rel1.win32_1.1.100.202309141235/tools/bin/../lib/gcc/arm-none-eabi/11.3.1/thumb/v7-m/nofp\libgcc.a
LOAD C:/ST/STM32CubeIDE_1.14.1/STM32CubeIDE/plugins/com.st.stm32cube.ide.mcu.externaltools.gnu-tools-for-stm32.11.3.rel1.win32_1.1.100.202309141235/tools/bin/../lib/gcc/arm-none-eabi/11.3.1/../../../../arm-none-eabi/lib/thumb/v7-m/nofp\libc_nano.a
LOAD C:/ST/STM32CubeIDE_1.14.1/STM32CubeIDE/plugins/com.st.stm32cube.ide.mcu.externaltools.gnu-tools-for-stm32.11.3.rel1.win32_1.1.100.202309141235/tools/bin/../lib/gcc/arm-none-eabi/11.3.1/../../../../arm-none-eabi/lib/thumb/v7-m/nofp\libnosys.a
END GROUP
LOAD C:/ST/STM32CubeIDE_1.14.1/STM32CubeIDE/plugins/com.st.stm32cube.ide.mcu.externaltools.gnu-tools-for-stm32.11.3.rel1.win32_1.1.100.202309141235/tools/bin/../lib/gcc/arm-none-eabi/11.3.1/thumb/v7-m/nofp/crtend.o
LOAD C:/ST/STM32CubeIDE_1.14.1/STM32CubeIDE/plugins/com.st.stm32cube.ide.mcu.externaltools.gnu-tools-for-stm32.11.3.rel1.win32_1.1.100.202309141235/tools/bin/../lib/gcc/arm-none-eabi/11.3.1/thumb/v7-m/nofp/crtn.o
                0x0000000020002800                _estack = (ORIGIN (RAM) + LENGTH (RAM))
                0x0000000000000200                _Min_Heap_Size = 0x200
                0x0000000000000400                _Min_Stack_Size = 0x400

.isr_vector     0x0000000008000000      0x130
                0x0000000008000000                . = ALIGN (0x4)
 *(.isr_vector)
 .isr_vector    0x0000000008000000      0x130 ./Startup/startup_stm32f103c6tx.o
                0x0000000008000000                g_pfnVectors
                0x0000000008000130                . = ALIGN (0x4)

.text           0x0000000008000130      0x4ac
                0x0000000008000130                . = ALIGN (0x4)
 *(.text)
 .text          0x0000000008000130       0x40 C:/ST/STM32CubeIDE_1.14.1/STM32CubeIDE/plugins/com.st.stm32cube.ide.mcu.externaltools.gnu-tools-for-stm32.11.3.rel1.win32_1.1.100.202309141235/tools/bin/../lib/gcc/arm-none-eabi/11.3.1/thumb/v7-m/nofp/crtbegin.o
 *(.text*)
 .text.Clock_Init
                0x0000000008000170       0x28 ./Src/main.o
                0x0000000008000170                Clock_Init
 .text.Gpio_Init
                0x0000000008000198       0x6c ./Src/main.o
                0x0000000008000198                Gpio_Init
 .text.delay    0x0000000008000204       0x3a ./Src/main.o
                0x0000000008000204                delay
 *fill*         0x000000000800023e        0x2 
 .text.main     0x0000000008000240       0x5c ./Src/main.o
                0x0000000008000240                main
 .text.Reset_Handler
                0x000000000800029c       0x50 ./Startup/startup_stm32f103c6tx.o
                0x000000000800029c                Reset_Handler
 .text.Default_Handler
                0x00000000080002ec        0x2 ./Startup/startup_stm32f103c6tx.o
                0x00000000080002ec                EXTI2_IRQHandler
                0x00000000080002ec                TIM8_TRG_COM_IRQHandler
                0x00000000080002ec                TIM8_CC_IRQHandler
                0x00000000080002ec                DebugMon_Handler
                0x00000000080002ec                TIM1_CC_IRQHandler
                0x00000000080002ec                HardFault_Handler
                0x00000000080002ec                TIM6_IRQHandler
                0x00000000080002ec                SysTick_Handler
                0x00000000080002ec                PVD_IRQHandler
                0x00000000080002ec                SDIO_IRQHandler
                0x00000000080002ec                PendSV_Handler
                0x00000000080002ec                NMI_Handler
                0x00000000080002ec                EXTI3_IRQHandler
                0x00000000080002ec                USB_HP_CAN_TX_IRQHandler
                0x00000000080002ec                EXTI0_IRQHandler
                0x00000000080002ec                I2C2_EV_IRQHandler
                0x00000000080002ec                UsageFault_Handler
                0x00000000080002ec                ADC1_2_IRQHandler
                0x00000000080002ec                SPI1_IRQHandler
                0x00000000080002ec                CAN_SCE_IRQHandler
                0x00000000080002ec                TAMPER_IRQHandler
                0x00000000080002ec                TIM8_UP_IRQHandler
                0x00000000080002ec                DMA2_Channel2_IRQHandler
                0x00000000080002ec                DMA1_Channel4_IRQHandler
                0x00000000080002ec                USART3_IRQHandler
                0x00000000080002ec                RTC_IRQHandler
                0x00000000080002ec                DMA1_Channel7_IRQHandler
                0x00000000080002ec                UART5_IRQHandler
                0x00000000080002ec                ADC3_IRQHandler
                0x00000000080002ec                TIM4_IRQHandler
                0x00000000080002ec                CAN_RX1_IRQHandler
                0x00000000080002ec                DMA2_Channel1_IRQHandler
                0x00000000080002ec                I2C1_EV_IRQHandler
                0x00000000080002ec                DMA1_Channel6_IRQHandler
                0x00000000080002ec                UART4_IRQHandler
                0x00000000080002ec                TIM3_IRQHandler
                0x00000000080002ec                RCC_IRQHandler
                0x00000000080002ec                TIM1_TRG_COM_IRQHandler
                0x00000000080002ec                DMA1_Channel1_IRQHandler
                0x00000000080002ec                Default_Handler
                0x00000000080002ec                EXTI15_10_IRQHandler
                0x00000000080002ec                TIM7_IRQHandler
                0x00000000080002ec                TIM5_IRQHandler
                0x00000000080002ec                EXTI9_5_IRQHandler
                0x00000000080002ec                SPI2_IRQHandler
                0x00000000080002ec                USB_LP_CAN_RX0_IRQHandler
                0x00000000080002ec                MemManage_Handler
                0x00000000080002ec                SVC_Handler
                0x00000000080002ec                DMA1_Channel5_IRQHandler
                0x00000000080002ec                EXTI4_IRQHandler
                0x00000000080002ec                DMA1_Channel3_IRQHandler
                0x00000000080002ec                FSMC_IRQHandler
                0x00000000080002ec                TIM1_UP_IRQHandler
                0x00000000080002ec                WWDG_IRQHandler
                0x00000000080002ec                TIM2_IRQHandler
                0x00000000080002ec                TIM1_BRK_IRQHandler
                0x00000000080002ec                EXTI1_IRQHandler
                0x00000000080002ec                RTCAlarm_IRQHandler
                0x00000000080002ec                DMA2_Channel4_5_IRQHandler
                0x00000000080002ec                USART2_IRQHandler
                0x00000000080002ec                I2C2_ER_IRQHandler
                0x00000000080002ec                DMA1_Channel2_IRQHandler
                0x00000000080002ec                TIM8_BRK_IRQHandler
                0x00000000080002ec                FLASH_IRQHandler
                0x00000000080002ec                BusFault_Handler
                0x00000000080002ec                USART1_IRQHandler
                0x00000000080002ec                SPI3_IRQHandler
                0x00000000080002ec                I2C1_ER_IRQHandler
                0x00000000080002ec                DMA2_Channel3_IRQHandler
 *fill*         0x00000000080002ee        0x2 
 .text.Get_PinPostion
                0x00000000080002f0      0x144 ./Stm32_F103C6_Drivers/GPIO.o
                0x00000000080002f0                Get_PinPostion
 .text.GPIO_Init
                0x0000000008000434       0xfe ./Stm32_F103C6_Drivers/GPIO.o
                0x0000000008000434                GPIO_Init
 .text.GPIO_READ_Pin
                0x0000000008000532       0x28 ./Stm32_F103C6_Drivers/GPIO.o
                0x0000000008000532                GPIO_READ_Pin
 .text.GPIO_TOGGLE_Pin
                0x000000000800055a       0x22 ./Stm32_F103C6_Drivers/GPIO.o
                0x000000000800055a                GPIO_TOGGLE_Pin
 .text.__libc_init_array
                0x000000000800057c       0x48 C:/ST/STM32CubeIDE_1.14.1/STM32CubeIDE/plugins/com.st.stm32cube.ide.mcu.externaltools.gnu-tools-for-stm32.11.3.rel1.win32_1.1.100.202309141235/tools/bin/../lib/gcc/arm-none-eabi/11.3.1/../../../../arm-none-eabi/lib/thumb/v7-m/nofp\libc_nano.a(libc_a-init.o)
                0x000000000800057c                __libc_init_array
 *(.glue_7)
 .glue_7        0x00000000080005c4        0x0 linker stubs
 *(.glue_7t)
 .glue_7t       0x00000000080005c4        0x0 linker stubs
 *(.eh_frame)
 .eh_frame      0x00000000080005c4        0x0 C:/ST/STM32CubeIDE_1.14.1/STM32CubeIDE/plugins/com.st.stm32cube.ide.mcu.externaltools.gnu-tools-for-stm32.11.3.rel1.win32_1.1.100.202309141235/tools/bin/../lib/gcc/arm-none-eabi/11.3.1/thumb/v7-m/nofp/crtbegin.o
 *(.init)
 .init          0x00000000080005c4        0x4 C:/ST/STM32CubeIDE_1.14.1/STM32CubeIDE/plugins/com.st.stm32cube.ide.mcu.externaltools.gnu-tools-for-stm32.11.3.rel1.win32_1.1.100.202309141235/tools/bin/../lib/gcc/arm-none-eabi/11.3.1/thumb/v7-m/nofp/crti.o
                0x00000000080005c4                _init
 .init          0x00000000080005c8        0x8 C:/ST/STM32CubeIDE_1.14.1/STM32CubeIDE/plugins/com.st.stm32cube.ide.mcu.externaltools.gnu-tools-for-stm32.11.3.rel1.win32_1.1.100.202309141235/tools/bin/../lib/gcc/arm-none-eabi/11.3.1/thumb/v7-m/nofp/crtn.o
 *(.fini)
 .fini          0x00000000080005d0        0x4 C:/ST/STM32CubeIDE_1.14.1/STM32CubeIDE/plugins/com.st.stm32cube.ide.mcu.externaltools.gnu-tools-for-stm32.11.3.rel1.win32_1.1.100.202309141235/tools/bin/../lib/gcc/arm-none-eabi/11.3.1/thumb/v7-m/nofp/crti.o
                0x00000000080005d0                _fini
 .fini          0x00000000080005d4        0x8 C:/ST/STM32CubeIDE_1.14.1/STM32CubeIDE/plugins/com.st.stm32cube.ide.mcu.externaltools.gnu-tools-for-stm32.11.3.rel1.win32_1.1.100.202309141235/tools/bin/../lib/gcc/arm-none-eabi/11.3.1/thumb/v7-m/nofp/crtn.o
                0x00000000080005dc                . = ALIGN (0x4)
                0x00000000080005dc                _etext = .

.vfp11_veneer   0x00000000080005dc        0x0
 .vfp11_veneer  0x00000000080005dc        0x0 linker stubs

.v4_bx          0x00000000080005dc        0x0
 .v4_bx         0x00000000080005dc        0x0 linker stubs

.iplt           0x00000000080005dc        0x0
 .iplt          0x00000000080005dc        0x0 C:/ST/STM32CubeIDE_1.14.1/STM32CubeIDE/plugins/com.st.stm32cube.ide.mcu.externaltools.gnu-tools-for-stm32.11.3.rel1.win32_1.1.100.202309141235/tools/bin/../lib/gcc/arm-none-eabi/11.3.1/thumb/v7-m/nofp/crtbegin.o

.rel.dyn        0x00000000080005dc        0x0
 .rel.iplt      0x00000000080005dc        0x0 C:/ST/STM32CubeIDE_1.14.1/STM32CubeIDE/plugins/com.st.stm32cube.ide.mcu.externaltools.gnu-tools-for-stm32.11.3.rel1.win32_1.1.100.202309141235/tools/bin/../lib/gcc/arm-none-eabi/11.3.1/thumb/v7-m/nofp/crtbegin.o

.rodata         0x00000000080005dc        0x0
                0x00000000080005dc                . = ALIGN (0x4)
 *(.rodata)
 *(.rodata*)
                0x00000000080005dc                . = ALIGN (0x4)

.ARM.extab      0x00000000080005dc        0x0
                0x00000000080005dc                . = ALIGN (0x4)
 *(.ARM.extab* .gnu.linkonce.armextab.*)
                0x00000000080005dc                . = ALIGN (0x4)

.ARM            0x00000000080005dc        0x0
                0x00000000080005dc                . = ALIGN (0x4)
                0x00000000080005dc                __exidx_start = .
 *(.ARM.exidx*)
                0x00000000080005dc                __exidx_end = .
                0x00000000080005dc                . = ALIGN (0x4)

.preinit_array  0x00000000080005dc        0x0
                0x00000000080005dc                . = ALIGN (0x4)
                0x00000000080005dc                PROVIDE (__preinit_array_start = .)
 *(.preinit_array*)
                0x00000000080005dc                PROVIDE (__preinit_array_end = .)
                0x00000000080005dc                . = ALIGN (0x4)

.init_array     0x00000000080005dc        0x4
                0x00000000080005dc                . = ALIGN (0x4)
                0x00000000080005dc                PROVIDE (__init_array_start = .)
 *(SORT_BY_NAME(.init_array.*))
 *(.init_array*)
 .init_array    0x00000000080005dc        0x4 C:/ST/STM32CubeIDE_1.14.1/STM32CubeIDE/plugins/com.st.stm32cube.ide.mcu.externaltools.gnu-tools-for-stm32.11.3.rel1.win32_1.1.100.202309141235/tools/bin/../lib/gcc/arm-none-eabi/11.3.1/thumb/v7-m/nofp/crtbegin.o
                0x00000000080005e0                PROVIDE (__init_array_end = .)
                0x00000000080005e0                . = ALIGN (0x4)

.fini_array     0x00000000080005e0        0x4
                0x00000000080005e0                . = ALIGN (0x4)
                [!provide]                        PROVIDE (__fini_array_start = .)
 *(SORT_BY_NAME(.fini_array.*))
 *(.fini_array*)
 .fini_array    0x00000000080005e0        0x4 C:/ST/STM32CubeIDE_1.14.1/STM32CubeIDE/plugins/com.st.stm32cube.ide.mcu.externaltools.gnu-tools-for-stm32.11.3.rel1.win32_1.1.100.202309141235/tools/bin/../lib/gcc/arm-none-eabi/11.3.1/thumb/v7-m/nofp/crtbegin.o
                [!provide]                        PROVIDE (__fini_array_end = .)
                0x00000000080005e4                . = ALIGN (0x4)
                0x00000000080005e4                _sidata = LOADADDR (.data)

.data           0x0000000020000000        0x0 load address 0x00000000080005e4
                0x0000000020000000                . = ALIGN (0x4)
                0x0000000020000000                _sdata = .
 *(.data)
 *(.data*)
 *(.RamFunc)
 *(.RamFunc*)
                0x0000000020000000                . = ALIGN (0x4)
                0x0000000020000000                _edata = .

.igot.plt       0x0000000020000000        0x0 load address 0x00000000080005e4
 .igot.plt      0x0000000020000000        0x0 C:/ST/STM32CubeIDE_1.14.1/STM32CubeIDE/plugins/com.st.stm32cube.ide.mcu.externaltools.gnu-tools-for-stm32.11.3.rel1.win32_1.1.100.202309141235/tools/bin/../lib/gcc/arm-none-eabi/11.3.1/thumb/v7-m/nofp/crtbegin.o
                0x0000000020000000                . = ALIGN (0x4)

.bss            0x0000000020000000       0x1c load address 0x00000000080005e4
                0x0000000020000000                _sbss = .
                0x0000000020000000                __bss_start__ = _sbss
 *(.bss)
 .bss           0x0000000020000000       0x1c C:/ST/STM32CubeIDE_1.14.1/STM32CubeIDE/plugins/com.st.stm32cube.ide.mcu.externaltools.gnu-tools-for-stm32.11.3.rel1.win32_1.1.100.202309141235/tools/bin/../lib/gcc/arm-none-eabi/11.3.1/thumb/v7-m/nofp/crtbegin.o
 *(.bss*)
 *(COMMON)
                0x000000002000001c                . = ALIGN (0x4)
                0x000000002000001c                _ebss = .
                0x000000002000001c                __bss_end__ = _ebss

._user_heap_stack
                0x000000002000001c      0x604 load address 0x00000000080005e4
                0x0000000020000020                . = ALIGN (0x8)
 *fill*         0x000000002000001c        0x4 
                [!provide]                        PROVIDE (end = .)
                0x0000000020000020                PROVIDE (_end = .)
                0x0000000020000220                . = (. + _Min_Heap_Size)
 *fill*         0x0000000020000020      0x200 
                0x0000000020000620                . = (. + _Min_Stack_Size)
 *fill*         0x0000000020000220      0x400 
                0x0000000020000620                . = ALIGN (0x8)

/DISCARD/
 libc.a(*)
 libm.a(*)
 libgcc.a(*)

.ARM.attributes
                0x0000000000000000       0x29
 *(.ARM.attributes)
 .ARM.attributes
                0x0000000000000000       0x1d C:/ST/STM32CubeIDE_1.14.1/STM32CubeIDE/plugins/com.st.stm32cube.ide.mcu.externaltools.gnu-tools-for-stm32.11.3.rel1.win32_1.1.100.202309141235/tools/bin/../lib/gcc/arm-none-eabi/11.3.1/thumb/v7-m/nofp/crti.o
 .ARM.attributes
                0x000000000000001d       0x2d C:/ST/STM32CubeIDE_1.14.1/STM32CubeIDE/plugins/com.st.stm32cube.ide.mcu.externaltools.gnu-tools-for-stm32.11.3.rel1.win32_1.1.100.202309141235/tools/bin/../lib/gcc/arm-none-eabi/11.3.1/thumb/v7-m/nofp/crtbegin.o
 .ARM.attributes
                0x000000000000004a       0x2d ./Src/main.o
 .ARM.attributes
                0x0000000000000077       0x21 ./Startup/startup_stm32f103c6tx.o
 .ARM.attributes
                0x0000000000000098       0x2d ./Stm32_F103C6_Drivers/GPIO.o
 .ARM.attributes
                0x00000000000000c5       0x2d C:/ST/STM32CubeIDE_1.14.1/STM32CubeIDE/plugins/com.st.stm32cube.ide.mcu.externaltools.gnu-tools-for-stm32.11.3.rel1.win32_1.1.100.202309141235/tools/bin/../lib/gcc/arm-none-eabi/11.3.1/../../../../arm-none-eabi/lib/thumb/v7-m/nofp\libc_nano.a(libc_a-init.o)
 .ARM.attributes
                0x00000000000000f2       0x1d C:/ST/STM32CubeIDE_1.14.1/STM32CubeIDE/plugins/com.st.stm32cube.ide.mcu.externaltools.gnu-tools-for-stm32.11.3.rel1.win32_1.1.100.202309141235/tools/bin/../lib/gcc/arm-none-eabi/11.3.1/thumb/v7-m/nofp/crtn.o
OUTPUT(Drivers.elf elf32-littlearm)
LOAD linker stubs
LOAD C:/ST/STM32CubeIDE_1.14.1/STM32CubeIDE/plugins/com.st.stm32cube.ide.mcu.externaltools.gnu-tools-for-stm32.11.3.rel1.win32_1.1.100.202309141235/tools/bin/../lib/gcc/arm-none-eabi/11.3.1/../../../../arm-none-eabi/lib/thumb/v7-m/nofp\libc.a
LOAD C:/ST/STM32CubeIDE_1.14.1/STM32CubeIDE/plugins/com.st.stm32cube.ide.mcu.externaltools.gnu-tools-for-stm32.11.3.rel1.win32_1.1.100.202309141235/tools/bin/../lib/gcc/arm-none-eabi/11.3.1/../../../../arm-none-eabi/lib/thumb/v7-m/nofp\libm.a
LOAD C:/ST/STM32CubeIDE_1.14.1/STM32CubeIDE/plugins/com.st.stm32cube.ide.mcu.externaltools.gnu-tools-for-stm32.11.3.rel1.win32_1.1.100.202309141235/tools/bin/../lib/gcc/arm-none-eabi/11.3.1/thumb/v7-m/nofp\libgcc.a

.comment        0x0000000000000000       0x43
 .comment       0x0000000000000000       0x43 C:/ST/STM32CubeIDE_1.14.1/STM32CubeIDE/plugins/com.st.stm32cube.ide.mcu.externaltools.gnu-tools-for-stm32.11.3.rel1.win32_1.1.100.202309141235/tools/bin/../lib/gcc/arm-none-eabi/11.3.1/thumb/v7-m/nofp/crtbegin.o
                                         0x44 (size before relaxing)
 .comment       0x0000000000000043       0x44 ./Src/main.o
 .comment       0x0000000000000043       0x44 ./Stm32_F103C6_Drivers/GPIO.o

.debug_info     0x0000000000000000      0x819
 .debug_info    0x0000000000000000      0x356 ./Src/main.o
 .debug_info    0x0000000000000356       0x22 ./Startup/startup_stm32f103c6tx.o
 .debug_info    0x0000000000000378      0x4a1 ./Stm32_F103C6_Drivers/GPIO.o

.debug_abbrev   0x0000000000000000      0x285
 .debug_abbrev  0x0000000000000000      0x14f ./Src/main.o
 .debug_abbrev  0x000000000000014f       0x12 ./Startup/startup_stm32f103c6tx.o
 .debug_abbrev  0x0000000000000161      0x124 ./Stm32_F103C6_Drivers/GPIO.o

.debug_loc      0x0000000000000000      0x44c
 .debug_loc     0x0000000000000000      0x11c ./Src/main.o
 .debug_loc     0x000000000000011c      0x330 ./Stm32_F103C6_Drivers/GPIO.o

.debug_aranges  0x0000000000000000       0xc0
 .debug_aranges
                0x0000000000000000       0x38 ./Src/main.o
 .debug_aranges
                0x0000000000000038       0x28 ./Startup/startup_stm32f103c6tx.o
 .debug_aranges
                0x0000000000000060       0x60 ./Stm32_F103C6_Drivers/GPIO.o

.debug_ranges   0x0000000000000000       0x98
 .debug_ranges  0x0000000000000000       0x28 ./Src/main.o
 .debug_ranges  0x0000000000000028       0x20 ./Startup/startup_stm32f103c6tx.o
 .debug_ranges  0x0000000000000048       0x50 ./Stm32_F103C6_Drivers/GPIO.o

.debug_macro    0x0000000000000000     0x1dda
 .debug_macro   0x0000000000000000      0x15c ./Src/main.o
 .debug_macro   0x000000000000015c      0xaa2 ./Src/main.o
 .debug_macro   0x0000000000000bfe       0x22 ./Src/main.o
 .debug_macro   0x0000000000000c20       0x5b ./Src/main.o
 .debug_macro   0x0000000000000c7b       0x24 ./Src/main.o
 .debug_macro   0x0000000000000c9f       0x94 ./Src/main.o
 .debug_macro   0x0000000000000d33       0x43 ./Src/main.o
 .debug_macro   0x0000000000000d76       0x34 ./Src/main.o
 .debug_macro   0x0000000000000daa       0x16 ./Src/main.o
 .debug_macro   0x0000000000000dc0       0x57 ./Src/main.o
 .debug_macro   0x0000000000000e17       0x97 ./Src/main.o
 .debug_macro   0x0000000000000eae      0x369 ./Src/main.o
 .debug_macro   0x0000000000001217       0xfd ./Src/main.o
 .debug_macro   0x0000000000001314       0x10 ./Src/main.o
 .debug_macro   0x0000000000001324       0x16 ./Src/main.o
 .debug_macro   0x000000000000133a       0x43 ./Src/main.o
 .debug_macro   0x000000000000137d       0x34 ./Src/main.o
 .debug_macro   0x00000000000013b1       0x10 ./Src/main.o
 .debug_macro   0x00000000000013c1       0x58 ./Src/main.o
 .debug_macro   0x0000000000001419       0x8e ./Src/main.o
 .debug_macro   0x00000000000014a7       0x1c ./Src/main.o
 .debug_macro   0x00000000000014c3      0x177 ./Src/main.o
 .debug_macro   0x000000000000163a       0x16 ./Src/main.o
 .debug_macro   0x0000000000001650       0x16 ./Src/main.o
 .debug_macro   0x0000000000001666      0x147 ./Src/main.o
 .debug_macro   0x00000000000017ad      0x103 ./Src/main.o
 .debug_macro   0x00000000000018b0       0x6a ./Src/main.o
 .debug_macro   0x000000000000191a      0x1df ./Src/main.o
 .debug_macro   0x0000000000001af9       0xbf ./Src/main.o
 .debug_macro   0x0000000000001bb8       0xca ./Src/main.o
 .debug_macro   0x0000000000001c82      0x158 ./Stm32_F103C6_Drivers/GPIO.o

.debug_line     0x0000000000000000      0xf1a
 .debug_line    0x0000000000000000      0x690 ./Src/main.o
 .debug_line    0x0000000000000690       0x84 ./Startup/startup_stm32f103c6tx.o
 .debug_line    0x0000000000000714      0x806 ./Stm32_F103C6_Drivers/GPIO.o

.debug_str      0x0000000000000000     0x7e91
 .debug_str     0x0000000000000000     0x7dbc ./Src/main.o
                                       0x7fb8 (size before relaxing)
 .debug_str     0x0000000000007dbc       0x2f ./Startup/startup_stm32f103c6tx.o
                                         0x6b (size before relaxing)
 .debug_str     0x0000000000007deb       0xa6 ./Stm32_F103C6_Drivers/GPIO.o
                                       0x803a (size before relaxing)

.debug_frame    0x0000000000000000      0x23c
 .debug_frame   0x0000000000000000       0x98 ./Src/main.o
 .debug_frame   0x0000000000000098      0x178 ./Stm32_F103C6_Drivers/GPIO.o
 .debug_frame   0x0000000000000210       0x2c C:/ST/STM32CubeIDE_1.14.1/STM32CubeIDE/plugins/com.st.stm32cube.ide.mcu.externaltools.gnu-tools-for-stm32.11.3.rel1.win32_1.1.100.202309141235/tools/bin/../lib/gcc/arm-none-eabi/11.3.1/../../../../arm-none-eabi/lib/thumb/v7-m/nofp\libc_nano.a(libc_a-init.o)
