../Stm32_F103C6_Drivers/LCD_DRIVER/LCD.c:18:6:LCD_GPIO_init	8	static
../Stm32_F103C6_Drivers/LCD_DRIVER/LCD.c:91:6:LCD_INIT	8	static
../Stm32_F103C6_Drivers/LCD_DRIVER/LCD.c:112:6:LCD_clearscreen	8	static
../Stm32_F103C6_Drivers/LCD_DRIVER/LCD.c:121:6:LCD_WRITE_COMMAND	16	static
../Stm32_F103C6_Drivers/LCD_DRIVER/LCD.c:146:6:LCD_WRITE_DATA	16	static
../Stm32_F103C6_Drivers/LCD_DRIVER/LCD.c:174:6:LCD_WRITE_STRING	24	static
../Stm32_F103C6_Drivers/LCD_DRIVER/LCD.c:203:6:LCDisbusy	8	static
../Stm32_F103C6_Drivers/LCD_DRIVER/LCD.c:232:6:LCD_GOTO_XY	16	static
../Stm32_F103C6_Drivers/LCD_DRIVER/LCD.c:249:6:LCD_ENABLE_SIGNAL	8	static
../Stm32_F103C6_Drivers/LCD_DRIVER/LCD.c:255:6:_delay_ms	24	static
