../MY_RTOS/Scheduler.c:40:28:PendSV_Handler	0	static,ignoring_inline_asm
../MY_RTOS/Scheduler.c:110:6:IsmailRTOS_IdleTask	4	static,ignoring_inline_asm
../MY_RTOS/Scheduler.c:118:6:IsmailRTOS_Create_IdleTask	4	static
../MY_RTOS/Scheduler.c:127:6:IsmailRTOS_Create_MainStack	4	static
../MY_RTOS/Scheduler.c:134:20:IsmailRTOS_Init	16	static
../MY_RTOS/Scheduler.c:157:6:IsmailRTOS_CreateTask_Stack	24	static
../MY_RTOS/Scheduler.c:194:20:IsmailRTOS_CreateTask	24	static
../MY_RTOS/Scheduler.c:225:6:bubbleSort	24	static
../MY_RTOS/Scheduler.c:244:6:IsmailRTOS_UpdateSchedular	24	static
../MY_RTOS/Scheduler.c:293:6:Decide_WhatNext	8	static
../MY_RTOS/Scheduler.c:317:6:Os_SVC_Services	24	static
../MY_RTOS/Scheduler.c:348:6:RTOS_OS_SVC_SET	16	static,ignoring_inline_asm
../MY_RTOS/Scheduler.c:367:6:IsmailRTOS_ActivateTask	16	static
../MY_RTOS/Scheduler.c:373:6:IsmailRTOS_DectivateTask	16	static
../MY_RTOS/Scheduler.c:378:6:IsmailRTOS_STARTOS	8	static,ignoring_inline_asm
