
Memory Configuration

Name             Origin             Length             Attributes
FLASH            0x08000000         0x00020000         xr
SRAM             0x20000000         0x00005000         xrw
*default*        0x00000000         0xffffffff

Linker script and memory map


.text           0x08000000       0xd3
 *(.vectors*)
 .vectors       0x08000000       0x4c startup.o
 *(.text*)
 .text          0x0800004c       0x7c main.o
                0x0800004c                main
 .text          0x080000c8        0x8 startup.o
 *(.rodata)
 .rodata        0x080000d0        0x3 main.o
                0x080000d0                const_variable

.glue_7         0x080000d4        0x0
 .glue_7        0x080000d4        0x0 linker stubs

.glue_7t        0x080000d4        0x0
 .glue_7t       0x080000d4        0x0 linker stubs

.vfp11_veneer   0x080000d4        0x0
 .vfp11_veneer  0x080000d4        0x0 linker stubs

.v4_bx          0x080000d4        0x0
 .v4_bx         0x080000d4        0x0 linker stubs

.iplt           0x080000d4        0x0
 .iplt          0x080000d4        0x0 main.o

.rel.dyn        0x080000d4        0x0
 .rel.iplt      0x080000d4        0x0 main.o

.data           0x080000d4        0x7
 *(.data*)
 .data          0x080000d4        0x7 main.o
                0x080000d4                R_ODR
                0x080000d8                g_variable
 .data          0x080000db        0x0 startup.o

.igot.plt       0x080000dc        0x0
 .igot.plt      0x080000dc        0x0 main.o

.bss            0x20000000        0x0
 *(.bss*)
 .bss           0x20000000        0x0 main.o
 .bss           0x20000000        0x0 startup.o
LOAD main.o
LOAD startup.o
OUTPUT(learn-in-depth_cortexM3.elf elf32-littlearm)
LOAD linker stubs

.debug_info     0x00000000      0x1d3
 .debug_info    0x00000000      0x1ad main.o
 .debug_info    0x000001ad       0x26 startup.o

.debug_abbrev   0x00000000      0x11d
 .debug_abbrev  0x00000000      0x109 main.o
 .debug_abbrev  0x00000109       0x14 startup.o

.debug_loc      0x00000000       0x38
 .debug_loc     0x00000000       0x38 main.o

.debug_aranges  0x00000000       0x40
 .debug_aranges
                0x00000000       0x20 main.o
 .debug_aranges
                0x00000020       0x20 startup.o

.debug_line     0x00000000      0x190
 .debug_line    0x00000000      0x155 main.o
 .debug_line    0x00000155       0x3b startup.o

.debug_str      0x00000000      0x13d
 .debug_str     0x00000000      0x125 main.o
                                0x162 (size before relaxing)
 .debug_str     0x00000125       0x18 startup.o
                                 0x28 (size before relaxing)

.comment        0x00000000       0x4d
 .comment       0x00000000       0x4d main.o
                                 0x4e (size before relaxing)

.ARM.attributes
                0x00000000       0x2b
 .ARM.attributes
                0x00000000       0x2d main.o
 .ARM.attributes
                0x0000002d       0x21 startup.o

.debug_frame    0x00000000       0x2c
 .debug_frame   0x00000000       0x2c main.o
