Archive member included to satisfy reference by file (symbol)

C:/ST/STM32CubeIDE_1.14.1/STM32CubeIDE/plugins/com.st.stm32cube.ide.mcu.externaltools.gnu-tools-for-stm32.11.3.rel1.win32_1.1.100.202309141235/tools/bin/../lib/gcc/arm-none-eabi/11.3.1/../../../../arm-none-eabi/lib/thumb/v7-m/nofp\libc_nano.a(libc_a-exit.o)
                              C:/ST/STM32CubeIDE_1.14.1/STM32CubeIDE/plugins/com.st.stm32cube.ide.mcu.externaltools.gnu-tools-for-stm32.11.3.rel1.win32_1.1.100.202309141235/tools/bin/../lib/gcc/arm-none-eabi/11.3.1/../../../../arm-none-eabi/lib/thumb/v7-m/nofp/crt0.o (exit)
C:/ST/STM32CubeIDE_1.14.1/STM32CubeIDE/plugins/com.st.stm32cube.ide.mcu.externaltools.gnu-tools-for-stm32.11.3.rel1.win32_1.1.100.202309141235/tools/bin/../lib/gcc/arm-none-eabi/11.3.1/../../../../arm-none-eabi/lib/thumb/v7-m/nofp\libc_nano.a(libc_a-findfp.o)
                              C:/ST/STM32CubeIDE_1.14.1/STM32CubeIDE/plugins/com.st.stm32cube.ide.mcu.externaltools.gnu-tools-for-stm32.11.3.rel1.win32_1.1.100.202309141235/tools/bin/../lib/gcc/arm-none-eabi/11.3.1/../../../../arm-none-eabi/lib/thumb/v7-m/nofp\libc_nano.a(libc_a-exit.o) (__stdio_exit_handler)
C:/ST/STM32CubeIDE_1.14.1/STM32CubeIDE/plugins/com.st.stm32cube.ide.mcu.externaltools.gnu-tools-for-stm32.11.3.rel1.win32_1.1.100.202309141235/tools/bin/../lib/gcc/arm-none-eabi/11.3.1/../../../../arm-none-eabi/lib/thumb/v7-m/nofp\libc_nano.a(libc_a-fwalk.o)
                              C:/ST/STM32CubeIDE_1.14.1/STM32CubeIDE/plugins/com.st.stm32cube.ide.mcu.externaltools.gnu-tools-for-stm32.11.3.rel1.win32_1.1.100.202309141235/tools/bin/../lib/gcc/arm-none-eabi/11.3.1/../../../../arm-none-eabi/lib/thumb/v7-m/nofp\libc_nano.a(libc_a-findfp.o) (_fwalk_sglue)
C:/ST/STM32CubeIDE_1.14.1/STM32CubeIDE/plugins/com.st.stm32cube.ide.mcu.externaltools.gnu-tools-for-stm32.11.3.rel1.win32_1.1.100.202309141235/tools/bin/../lib/gcc/arm-none-eabi/11.3.1/../../../../arm-none-eabi/lib/thumb/v7-m/nofp\libc_nano.a(libc_a-stdio.o)
                              C:/ST/STM32CubeIDE_1.14.1/STM32CubeIDE/plugins/com.st.stm32cube.ide.mcu.externaltools.gnu-tools-for-stm32.11.3.rel1.win32_1.1.100.202309141235/tools/bin/../lib/gcc/arm-none-eabi/11.3.1/../../../../arm-none-eabi/lib/thumb/v7-m/nofp\libc_nano.a(libc_a-findfp.o) (__sread)
C:/ST/STM32CubeIDE_1.14.1/STM32CubeIDE/plugins/com.st.stm32cube.ide.mcu.externaltools.gnu-tools-for-stm32.11.3.rel1.win32_1.1.100.202309141235/tools/bin/../lib/gcc/arm-none-eabi/11.3.1/../../../../arm-none-eabi/lib/thumb/v7-m/nofp\libc_nano.a(libc_a-memset.o)
                              C:/ST/STM32CubeIDE_1.14.1/STM32CubeIDE/plugins/com.st.stm32cube.ide.mcu.externaltools.gnu-tools-for-stm32.11.3.rel1.win32_1.1.100.202309141235/tools/bin/../lib/gcc/arm-none-eabi/11.3.1/../../../../arm-none-eabi/lib/thumb/v7-m/nofp/crt0.o (memset)
C:/ST/STM32CubeIDE_1.14.1/STM32CubeIDE/plugins/com.st.stm32cube.ide.mcu.externaltools.gnu-tools-for-stm32.11.3.rel1.win32_1.1.100.202309141235/tools/bin/../lib/gcc/arm-none-eabi/11.3.1/../../../../arm-none-eabi/lib/thumb/v7-m/nofp\libc_nano.a(libc_a-closer.o)
                              C:/ST/STM32CubeIDE_1.14.1/STM32CubeIDE/plugins/com.st.stm32cube.ide.mcu.externaltools.gnu-tools-for-stm32.11.3.rel1.win32_1.1.100.202309141235/tools/bin/../lib/gcc/arm-none-eabi/11.3.1/../../../../arm-none-eabi/lib/thumb/v7-m/nofp\libc_nano.a(libc_a-stdio.o) (_close_r)
C:/ST/STM32CubeIDE_1.14.1/STM32CubeIDE/plugins/com.st.stm32cube.ide.mcu.externaltools.gnu-tools-for-stm32.11.3.rel1.win32_1.1.100.202309141235/tools/bin/../lib/gcc/arm-none-eabi/11.3.1/../../../../arm-none-eabi/lib/thumb/v7-m/nofp\libc_nano.a(libc_a-reent.o)
                              C:/ST/STM32CubeIDE_1.14.1/STM32CubeIDE/plugins/com.st.stm32cube.ide.mcu.externaltools.gnu-tools-for-stm32.11.3.rel1.win32_1.1.100.202309141235/tools/bin/../lib/gcc/arm-none-eabi/11.3.1/../../../../arm-none-eabi/lib/thumb/v7-m/nofp\libc_nano.a(libc_a-closer.o) (errno)
C:/ST/STM32CubeIDE_1.14.1/STM32CubeIDE/plugins/com.st.stm32cube.ide.mcu.externaltools.gnu-tools-for-stm32.11.3.rel1.win32_1.1.100.202309141235/tools/bin/../lib/gcc/arm-none-eabi/11.3.1/../../../../arm-none-eabi/lib/thumb/v7-m/nofp\libc_nano.a(libc_a-impure.o)
                              C:/ST/STM32CubeIDE_1.14.1/STM32CubeIDE/plugins/com.st.stm32cube.ide.mcu.externaltools.gnu-tools-for-stm32.11.3.rel1.win32_1.1.100.202309141235/tools/bin/../lib/gcc/arm-none-eabi/11.3.1/../../../../arm-none-eabi/lib/thumb/v7-m/nofp\libc_nano.a(libc_a-reent.o) (_impure_ptr)
C:/ST/STM32CubeIDE_1.14.1/STM32CubeIDE/plugins/com.st.stm32cube.ide.mcu.externaltools.gnu-tools-for-stm32.11.3.rel1.win32_1.1.100.202309141235/tools/bin/../lib/gcc/arm-none-eabi/11.3.1/../../../../arm-none-eabi/lib/thumb/v7-m/nofp\libc_nano.a(libc_a-lseekr.o)
[...]
Memory Configuration

Name             Origin             Length             Attributes
RAM              0x0000000020000000 0x0000000000002800 xrw
FLASH            0x0000000008000000 0x0000000000008000 xr
*default*        0x0000000000000000 0xffffffffffffffff

Linker script and memory map

LOAD C:/ST/STM32CubeIDE_1.14.1/STM32CubeIDE/plugins/com.st.stm32cube.ide.mcu.externaltools.gnu-tools-for-stm32.11.3.rel1.win32_1.1.100.202309141235/tools/bin/../lib/gcc/arm-none-eabi/11.3.1/thumb/v7-m/nofp/crti.o
LOAD C:/ST/STM32CubeIDE_1.14.1/STM32CubeIDE/plugins/com.st.stm32cube.ide.mcu.externaltools.gnu-tools-for-stm32.11.3.rel1.win32_1.1.100.202309141235/tools/bin/../lib/gcc/arm-none-eabi/11.3.1/thumb/v7-m/nofp/crtbegin.o
LOAD C:/ST/STM32CubeIDE_1.14.1/STM32CubeIDE/plugins/com.st.stm32cube.ide.mcu.externaltools.gnu-tools-for-stm32.11.3.rel1.win32_1.1.100.202309141235/tools/bin/../lib/gcc/arm-none-eabi/11.3.1/../../../../arm-none-eabi/lib/thumb/v7-m/nofp/crt0.o
LOAD ./HAL/EEPROM.o
LOAD ./HAL/KPD.o
LOAD ./HAL/LCD.o
LOAD ./Src/main.o
LOAD ./Src/syscalls.o
LOAD ./Src/sysmem.o
LOAD ./Startup/startup_stm32f103c6tx.o
LOAD ./Stm32_F103C6_Drivers/EXTI.o
LOAD ./Stm32_F103C6_Drivers/GPIO.o
LOAD ./Stm32_F103C6_Drivers/I2C.o
LOAD ./Stm32_F103C6_Drivers/RCC.o
LOAD ./Stm32_F103C6_Drivers/SPI.o
LOAD ./Stm32_F103C6_Drivers/USART.o
START GROUP
LOAD C:/ST/STM32CubeIDE_1.14.1/STM32CubeIDE/plugins/com.st.stm32cube.ide.mcu.externaltools.gnu-tools-for-stm32.11.3.rel1.win32_1.1.100.202309141235/tools/bin/../lib/gcc/arm-none-eabi/11.3.1/../../../../arm-none-eabi/lib/thumb/v7-m/nofp\libc_nano.a
LOAD C:/ST/STM32CubeIDE_1.14.1/STM32CubeIDE/plugins/com.st.stm32cube.ide.mcu.externaltools.gnu-tools-for-stm32.11.3.rel1.win32_1.1.100.202309141235/tools/bin/../lib/gcc/arm-none-eabi/11.3.1/../../../../arm-none-eabi/lib/thumb/v7-m/nofp\libm.a
END GROUP
START GROUP
LOAD C:/ST/STM32CubeIDE_1.14.1/STM32CubeIDE/plugins/com.st.stm32cube.ide.mcu.externaltools.gnu-tools-for-stm32.11.3.rel1.win32_1.1.100.202309141235/tools/bin/../lib/gcc/arm-none-eabi/11.3.1/thumb/v7-m/nofp\libgcc.a
LOAD C:/ST/STM32CubeIDE_1.14.1/STM32CubeIDE/plugins/com.st.stm32cube.ide.mcu.externaltools.gnu-tools-for-stm32.11.3.rel1.win32_1.1.100.202309141235/tools/bin/../lib/gcc/arm-none-eabi/11.3.1/../../../../arm-none-eabi/lib/thumb/v7-m/nofp\libg_nano.a
LOAD C:/ST/STM32CubeIDE_1.14.1/STM32CubeIDE/plugins/com.st.stm32cube.ide.mcu.externaltools.gnu-tools-for-stm32.11.3.rel1.win32_1.1.100.202309141235/tools/bin/../lib/gcc/arm-none-eabi/11.3.1/../../../../arm-none-eabi/lib/thumb/v7-m/nofp\libc_nano.a
END GROUP
START GROUP
LOAD C:/ST/STM32CubeIDE_1.14.1/STM32CubeIDE/plugins/com.st.stm32cube.ide.mcu.externaltools.gnu-tools-for-stm32.11.3.rel1.win32_1.1.100.202309141235/tools/bin/../lib/gcc/arm-none-eabi/11.3.1/thumb/v7-m/nofp\libgcc.a
LOAD C:/ST/STM32CubeIDE_1.14.1/STM32CubeIDE/plugins/com.st.stm32cube.ide.mcu.externaltools.gnu-tools-for-stm32.11.3.rel1.win32_1.1.100.202309141235/tools/bin/../lib/gcc/arm-none-eabi/11.3.1/../../../../arm-none-eabi/lib/thumb/v7-m/nofp\libc_nano.a
LOAD C:/ST/STM32CubeIDE_1.14.1/STM32CubeIDE/plugins/com.st.stm32cube.ide.mcu.externaltools.gnu-tools-for-stm32.11.3.rel1.win32_1.1.100.202309141235/tools/bin/../lib/gcc/arm-none-eabi/11.3.1/../../../../arm-none-eabi/lib/thumb/v7-m/nofp\libnosys.a
END GROUP
START GROUP
LOAD C:/ST/STM32CubeIDE_1.14.1/STM32CubeIDE/plugins/com.st.stm32cube.ide.mcu.externaltools.gnu-tools-for-stm32.11.3.rel1.win32_1.1.100.202309141235/tools/bin/../lib/gcc/arm-none-eabi/11.3.1/thumb/v7-m/nofp\libgcc.a
LOAD C:/ST/STM32CubeIDE_1.14.1/STM32CubeIDE/plugins/com.st.stm32cube.ide.mcu.externaltools.gnu-tools-for-stm32.11.3.rel1.win32_1.1.100.202309141235/tools/bin/../lib/gcc/arm-none-eabi/11.3.1/../../../../arm-none-eabi/lib/thumb/v7-m/nofp\libc_nano.a
LOAD C:/ST/STM32CubeIDE_1.14.1/STM32CubeIDE/plugins/com.st.stm32cube.ide.mcu.externaltools.gnu-tools-for-stm32.11.3.rel1.win32_1.1.100.202309141235/tools/bin/../lib/gcc/arm-none-eabi/11.3.1/../../../../arm-none-eabi/lib/thumb/v7-m/nofp\libnosys.a
END GROUP
LOAD C:/ST/STM32CubeIDE_1.14.1/STM32CubeIDE/plugins/com.st.stm32cube.ide.mcu.externaltools.gnu-tools-for-stm32.11.3.rel1.win32_1.1.100.202309141235/tools/bin/../lib/gcc/arm-none-eabi/11.3.1/thumb/v7-m/nofp/crtend.o
LOAD C:/ST/STM32CubeIDE_1.14.1/STM32CubeIDE/plugins/com.st.stm32cube.ide.mcu.externaltools.gnu-tools-for-stm32.11.3.rel1.win32_1.1.100.202309141235/tools/bin/../lib/gcc/arm-none-eabi/11.3.1/thumb/v7-m/nofp/crtn.o
                0x0000000020002800                _estack = (ORIGIN (RAM) + LENGTH (RAM))
                0x0000000000000200                _Min_Heap_Size = 0x200
                0x0000000000000400                _Min_Stack_Size = 0x400

.isr_vector     0x0000000008000000      0x130
                0x0000000008000000                . = ALIGN (0x4)
 *(.isr_vector)
 .isr_vector    0x0000000008000000      0x130 ./Startup/startup_stm32f103c6tx.o
                0x0000000008000000                g_pfnVectors
                0x0000000008000130                . = ALIGN (0x4)

.text           0x0000000008000130     0x11c8
                0x0000000008000130                . = ALIGN (0x4)
 *(.text)
 .text          0x0000000008000130       0x40 C:/ST/STM32CubeIDE_1.14.1/STM32CubeIDE/plugins/com.st.stm32cube.ide.mcu.externaltools.gnu-tools-for-stm32.11.3.rel1.win32_1.1.100.202309141235/tools/bin/../lib/gcc/arm-none-eabi/11.3.1/thumb/v7-m/nofp/crtbegin.o
 *(.text*)
 .text.EEPROM_Init
                0x0000000008000170       0x44 ./HAL/EEPROM.o
                0x0000000008000170                EEPROM_Init
 .text.EEPROM_Write_NBytes
                0x00000000080001b4       0xd8 ./HAL/EEPROM.o
                0x00000000080001b4                EEPROM_Write_NBytes
 .text.EEPROM_Read_NBytes
                0x000000000800028c       0x54 ./HAL/EEPROM.o
                0x000000000800028c                EEPROM_Read_NBytes
 .text.main     0x00000000080002e0       0x84 ./Src/main.o
                0x00000000080002e0                main
 .text.Clock_Init
                0x0000000008000364       0x34 ./Src/main.o
 .text.Reset_Handler
                0x0000000008000398       0x50 ./Startup/startup_stm32f103c6tx.o
                0x0000000008000398                Reset_Handler
 .text.Default_Handler
                0x00000000080003e8        0x2 ./Startup/startup_stm32f103c6tx.o
                0x00000000080003e8                TIM8_TRG_COM_IRQHandler
                0x00000000080003e8                TIM8_CC_IRQHandler
                0x00000000080003e8                DebugMon_Handler
                0x00000000080003e8                TIM1_CC_IRQHandler
                0x00000000080003e8                HardFault_Handler
                0x00000000080003e8                TIM6_IRQHandler
                0x00000000080003e8                SysTick_Handler
                0x00000000080003e8                PVD_IRQHandler
                0x00000000080003e8                SDIO_IRQHandler
                0x00000000080003e8                PendSV_Handler
                0x00000000080003e8                NMI_Handler
                0x00000000080003e8                USB_HP_CAN_TX_IRQHandler
                0x00000000080003e8                I2C2_EV_IRQHandler
                0x00000000080003e8                UsageFault_Handler
                0x00000000080003e8                ADC1_2_IRQHandler
                0x00000000080003e8                CAN_SCE_IRQHandler
                0x00000000080003e8                TAMPER_IRQHandler
                0x00000000080003e8                TIM8_UP_IRQHandler
                0x00000000080003e8                DMA2_Channel2_IRQHandler
                0x00000000080003e8                DMA1_Channel4_IRQHandler
                0x00000000080003e8                RTC_IRQHandler
                0x00000000080003e8                DMA1_Channel7_IRQHandler
                0x00000000080003e8                UART5_IRQHandler
                0x00000000080003e8                ADC3_IRQHandler
                0x00000000080003e8                TIM4_IRQHandler
                0x00000000080003e8                CAN_RX1_IRQHandler
                0x00000000080003e8                DMA2_Channel1_IRQHandler
                0x00000000080003e8                DMA1_Channel6_IRQHandler
                0x00000000080003e8                UART4_IRQHandler
                0x00000000080003e8                TIM3_IRQHandler
                0x00000000080003e8                RCC_IRQHandler
                0x00000000080003e8                TIM1_TRG_COM_IRQHandler
                0x00000000080003e8                DMA1_Channel1_IRQHandler
                0x00000000080003e8                Default_Handler
                0x00000000080003e8                TIM7_IRQHandler
                0x00000000080003e8                TIM5_IRQHandler
                0x00000000080003e8                USB_LP_CAN_RX0_IRQHandler
                0x00000000080003e8                MemManage_Handler
                0x00000000080003e8                SVC_Handler
                0x00000000080003e8                DMA1_Channel5_IRQHandler
                0x00000000080003e8                DMA1_Channel3_IRQHandler
                0x00000000080003e8                FSMC_IRQHandler
                0x00000000080003e8                TIM1_UP_IRQHandler
                0x00000000080003e8                WWDG_IRQHandler
                0x00000000080003e8                TIM2_IRQHandler
                0x00000000080003e8                TIM1_BRK_IRQHandler
                0x00000000080003e8                RTCAlarm_IRQHandler
                0x00000000080003e8                DMA2_Channel4_5_IRQHandler
                0x00000000080003e8                I2C2_ER_IRQHandler
                0x00000000080003e8                DMA1_Channel2_IRQHandler
                0x00000000080003e8                TIM8_BRK_IRQHandler
                0x00000000080003e8                FLASH_IRQHandler
                0x00000000080003e8                BusFault_Handler
                0x00000000080003e8                SPI3_IRQHandler
                0x00000000080003e8                DMA2_Channel3_IRQHandler
 *fill*         0x00000000080003ea        0x2 
 .text.EXTI0_IRQHandler
                0x00000000080003ec       0x24 ./Stm32_F103C6_Drivers/EXTI.o
                0x00000000080003ec                EXTI0_IRQHandler
 .text.EXTI1_IRQHandler
                0x0000000008000410       0x24 ./Stm32_F103C6_Drivers/EXTI.o
                0x0000000008000410                EXTI1_IRQHandler
 .text.EXTI2_IRQHandler
                0x0000000008000434       0x24 ./Stm32_F103C6_Drivers/EXTI.o
                0x0000000008000434                EXTI2_IRQHandler
 .text.EXTI3_IRQHandler
                0x0000000008000458       0x24 ./Stm32_F103C6_Drivers/EXTI.o
                0x0000000008000458                EXTI3_IRQHandler
 .text.EXTI4_IRQHandler
                0x000000000800047c       0x24 ./Stm32_F103C6_Drivers/EXTI.o
                0x000000000800047c                EXTI4_IRQHandler
 .text.EXTI9_5_IRQHandler
                0x00000000080004a0       0xa8 ./Stm32_F103C6_Drivers/EXTI.o
                0x00000000080004a0                EXTI9_5_IRQHandler
 .text.EXTI15_10_IRQHandler
                0x0000000008000548       0xc4 ./Stm32_F103C6_Drivers/EXTI.o
                0x0000000008000548                EXTI15_10_IRQHandler
 .text.Get_PinPostion
                0x000000000800060c      0x144 ./Stm32_F103C6_Drivers/GPIO.o
                0x000000000800060c                Get_PinPostion
 .text.GPIO_Init
                0x0000000008000750      0x18a ./Stm32_F103C6_Drivers/GPIO.o
                0x0000000008000750                GPIO_Init
 *fill*         0x00000000080008da        0x2 
 .text.I2C_Init
                0x00000000080008dc      0x22c ./Stm32_F103C6_Drivers/I2C.o
                0x00000000080008dc                I2C_Init
 .text.I2C_GPIO_SetPins
                0x0000000008000b08       0x94 ./Stm32_F103C6_Drivers/I2C.o
                0x0000000008000b08                I2C_GPIO_SetPins
 .text.I2C_MASTER_SendData
                0x0000000008000b9c       0xb0 ./Stm32_F103C6_Drivers/I2C.o
                0x0000000008000b9c                I2C_MASTER_SendData
 .text.I2C_MASTER_ReceiveData
                0x0000000008000c4c       0xf4 ./Stm32_F103C6_Drivers/I2C.o
                0x0000000008000c4c                I2C_MASTER_ReceiveData
 .text.I2C_Get_FlagStatus
                0x0000000008000d40      0x104 ./Stm32_F103C6_Drivers/I2C.o
 .text.I2C_Start
                0x0000000008000e44       0x4e ./Stm32_F103C6_Drivers/I2C.o
 .text.I2C_Send_Address
                0x0000000008000e92       0x40 ./Stm32_F103C6_Drivers/I2C.o
 .text.I2C_Stop
                0x0000000008000ed2       0x36 ./Stm32_F103C6_Drivers/I2C.o
 .text.I2C_ACK  0x0000000008000f08       0x36 ./Stm32_F103C6_Drivers/I2C.o
 *fill*         0x0000000008000f3e        0x2 
 .text.I2C1_EV_IRQHandler
                0x0000000008000f40       0xec ./Stm32_F103C6_Drivers/I2C.o
                0x0000000008000f40                I2C1_EV_IRQHandler
 .text.Slave_States
                0x000000000800102c       0xd8 ./Stm32_F103C6_Drivers/I2C.o
 .text.I2C1_ER_IRQHandler
                0x0000000008001104        0xc ./Stm32_F103C6_Drivers/I2C.o
                0x0000000008001104                I2C1_ER_IRQHandler
 .text.RCC_Get_SYSCLK_Frequency
                0x0000000008001110       0x44 ./Stm32_F103C6_Drivers/RCC.o
                0x0000000008001110                RCC_Get_SYSCLK_Frequency
 .text.RCC_Get_HCLK_Frequency
                0x0000000008001154       0x28 ./Stm32_F103C6_Drivers/RCC.o
                0x0000000008001154                RCC_Get_HCLK_Frequency
 .text.RCC_Get_PCLK1_Frequency
                0x000000000800117c       0x28 ./Stm32_F103C6_Drivers/RCC.o
                0x000000000800117c                RCC_Get_PCLK1_Frequency
 .text.SPI1_IRQHandler
                0x00000000080011a4       0x5c ./Stm32_F103C6_Drivers/SPI.o
                0x00000000080011a4                SPI1_IRQHandler
 .text.SPI2_IRQHandler
                0x0000000008001200       0x5c ./Stm32_F103C6_Drivers/SPI.o
                0x0000000008001200                SPI2_IRQHandler
 .text.USART1_IRQHandler
                0x000000000800125c       0x14 ./Stm32_F103C6_Drivers/USART.o
                0x000000000800125c                USART1_IRQHandler
 .text.USART2_IRQHandler
                0x0000000008001270       0x14 ./Stm32_F103C6_Drivers/USART.o
                0x0000000008001270                USART2_IRQHandler
 .text.USART3_IRQHandler
                0x0000000008001284       0x14 ./Stm32_F103C6_Drivers/USART.o
                0x0000000008001284                USART3_IRQHandler
 .text.__libc_init_array
                0x0000000008001298       0x48 C:/ST/STM32CubeIDE_1.14.1/STM32CubeIDE/plugins/com.st.stm32cube.ide.mcu.externaltools.gnu-tools-for-stm32.11.3.rel1.win32_1.1.100.202309141235/tools/bin/../lib/gcc/arm-none-eabi/11.3.1/../../../../arm-none-eabi/lib/thumb/v7-m/nofp\libc_nano.a(libc_a-init.o)
                0x0000000008001298                __libc_init_array
 *(.glue_7)
 .glue_7        0x00000000080012e0        0x0 linker stubs
 *(.glue_7t)
 .glue_7t       0x00000000080012e0        0x0 linker stubs
 *(.eh_frame)
 .eh_frame      0x00000000080012e0        0x0 C:/ST/STM32CubeIDE_1.14.1/STM32CubeIDE/plugins/com.st.stm32cube.ide.mcu.externaltools.gnu-tools-for-stm32.11.3.rel1.win32_1.1.100.202309141235/tools/bin/../lib/gcc/arm-none-eabi/11.3.1/thumb/v7-m/nofp/crtbegin.o
 *(.init)
 .init          0x00000000080012e0        0x4 C:/ST/STM32CubeIDE_1.14.1/STM32CubeIDE/plugins/com.st.stm32cube.ide.mcu.externaltools.gnu-tools-for-stm32.11.3.rel1.win32_1.1.100.202309141235/tools/bin/../lib/gcc/arm-none-eabi/11.3.1/thumb/v7-m/nofp/crti.o
                0x00000000080012e0                _init
 .init          0x00000000080012e4        0x8 C:/ST/STM32CubeIDE_1.14.1/STM32CubeIDE/plugins/com.st.stm32cube.ide.mcu.externaltools.gnu-tools-for-stm32.11.3.rel1.win32_1.1.100.202309141235/tools/bin/../lib/gcc/arm-none-eabi/11.3.1/thumb/v7-m/nofp/crtn.o
 *(.fini)
 .fini          0x00000000080012ec        0x4 C:/ST/STM32CubeIDE_1.14.1/STM32CubeIDE/plugins/com.st.stm32cube.ide.mcu.externaltools.gnu-tools-for-stm32.11.3.rel1.win32_1.1.100.202309141235/tools/bin/../lib/gcc/arm-none-eabi/11.3.1/thumb/v7-m/nofp/crti.o
                0x00000000080012ec                _fini
 .fini          0x00000000080012f0        0x8 C:/ST/STM32CubeIDE_1.14.1/STM32CubeIDE/plugins/com.st.stm32cube.ide.mcu.externaltools.gnu-tools-for-stm32.11.3.rel1.win32_1.1.100.202309141235/tools/bin/../lib/gcc/arm-none-eabi/11.3.1/thumb/v7-m/nofp/crtn.o
                0x00000000080012f8                . = ALIGN (0x4)
                0x00000000080012f8                _etext = .

.vfp11_veneer   0x00000000080012f8        0x0
 .vfp11_veneer  0x00000000080012f8        0x0 linker stubs

.v4_bx          0x00000000080012f8        0x0
 .v4_bx         0x00000000080012f8        0x0 linker stubs

.iplt           0x00000000080012f8        0x0
 .iplt          0x00000000080012f8        0x0 C:/ST/STM32CubeIDE_1.14.1/STM32CubeIDE/plugins/com.st.stm32cube.ide.mcu.externaltools.gnu-tools-for-stm32.11.3.rel1.win32_1.1.100.202309141235/tools/bin/../lib/gcc/arm-none-eabi/11.3.1/thumb/v7-m/nofp/crtbegin.o

.rodata         0x00000000080012f8       0x20
                0x00000000080012f8                . = ALIGN (0x4)
 *(.rodata)
 .rodata        0x00000000080012f8        0x7 ./Src/main.o
 *(.rodata*)
 *fill*         0x00000000080012ff        0x1 
 .rodata.APBPrescTable
                0x0000000008001300        0x8 ./Stm32_F103C6_Drivers/RCC.o
                0x0000000008001300                APBPrescTable
 .rodata.AHBPrescTable
                0x0000000008001308       0x10 ./Stm32_F103C6_Drivers/RCC.o
                0x0000000008001308                AHBPrescTable
                0x0000000008001318                . = ALIGN (0x4)

.rel.dyn        0x0000000008001318        0x0
 .rel.iplt      0x0000000008001318        0x0 C:/ST/STM32CubeIDE_1.14.1/STM32CubeIDE/plugins/com.st.stm32cube.ide.mcu.externaltools.gnu-tools-for-stm32.11.3.rel1.win32_1.1.100.202309141235/tools/bin/../lib/gcc/arm-none-eabi/11.3.1/thumb/v7-m/nofp/crtbegin.o

.ARM.extab      0x0000000008001318        0x0
                0x0000000008001318                . = ALIGN (0x4)
 *(.ARM.extab* .gnu.linkonce.armextab.*)
                0x0000000008001318                . = ALIGN (0x4)

.ARM            0x0000000008001318        0x0
                0x0000000008001318                . = ALIGN (0x4)
                0x0000000008001318                __exidx_start = .
 *(.ARM.exidx*)
                0x0000000008001318                __exidx_end = .
                0x0000000008001318                . = ALIGN (0x4)

.preinit_array  0x0000000008001318        0x0
                0x0000000008001318                . = ALIGN (0x4)
                0x0000000008001318                PROVIDE (__preinit_array_start = .)
 *(.preinit_array*)
                0x0000000008001318                PROVIDE (__preinit_array_end = .)
                0x0000000008001318                . = ALIGN (0x4)

.init_array     0x0000000008001318        0x4
                0x0000000008001318                . = ALIGN (0x4)
                0x0000000008001318                PROVIDE (__init_array_start = .)
 *(SORT_BY_NAME(.init_array.*))
 *(.init_array*)
 .init_array    0x0000000008001318        0x4 C:/ST/STM32CubeIDE_1.14.1/STM32CubeIDE/plugins/com.st.stm32cube.ide.mcu.externaltools.gnu-tools-for-stm32.11.3.rel1.win32_1.1.100.202309141235/tools/bin/../lib/gcc/arm-none-eabi/11.3.1/thumb/v7-m/nofp/crtbegin.o
                0x000000000800131c                PROVIDE (__init_array_end = .)
                0x000000000800131c                . = ALIGN (0x4)

.fini_array     0x000000000800131c        0x4
                0x000000000800131c                . = ALIGN (0x4)
                [!provide]                        PROVIDE (__fini_array_start = .)
 *(SORT_BY_NAME(.fini_array.*))
 *(.fini_array*)
 .fini_array    0x000000000800131c        0x4 C:/ST/STM32CubeIDE_1.14.1/STM32CubeIDE/plugins/com.st.stm32cube.ide.mcu.externaltools.gnu-tools-for-stm32.11.3.rel1.win32_1.1.100.202309141235/tools/bin/../lib/gcc/arm-none-eabi/11.3.1/thumb/v7-m/nofp/crtbegin.o
                [!provide]                        PROVIDE (__fini_array_end = .)
                0x0000000008001320                . = ALIGN (0x4)
                0x0000000008001320                _sidata = LOADADDR (.data)

.data           0x0000000020000000        0x0 load address 0x0000000008001320
                0x0000000020000000                . = ALIGN (0x4)
                0x0000000020000000                _sdata = .
 *(.data)
 *(.data*)
 *(.RamFunc)
 *(.RamFunc*)
                0x0000000020000000                . = ALIGN (0x4)
                0x0000000020000000                _edata = .

.igot.plt       0x0000000020000000        0x0 load address 0x0000000008001320
 .igot.plt      0x0000000020000000        0x0 C:/ST/STM32CubeIDE_1.14.1/STM32CubeIDE/plugins/com.st.stm32cube.ide.mcu.externaltools.gnu-tools-for-stm32.11.3.rel1.win32_1.1.100.202309141235/tools/bin/../lib/gcc/arm-none-eabi/11.3.1/thumb/v7-m/nofp/crtbegin.o
                0x0000000020000000                . = ALIGN (0x4)

.bss            0x0000000020000000       0xb4 load address 0x0000000008001320
                0x0000000020000000                _sbss = .
                0x0000000020000000                __bss_start__ = _sbss
 *(.bss)
 .bss           0x0000000020000000       0x1c C:/ST/STM32CubeIDE_1.14.1/STM32CubeIDE/plugins/com.st.stm32cube.ide.mcu.externaltools.gnu-tools-for-stm32.11.3.rel1.win32_1.1.100.202309141235/tools/bin/../lib/gcc/arm-none-eabi/11.3.1/thumb/v7-m/nofp/crtbegin.o
 *(.bss*)
 .bss.call_back
                0x000000002000001c       0x3c ./Stm32_F103C6_Drivers/EXTI.o
                0x000000002000001c                call_back
 .bss.Global_I2C_Config
                0x0000000020000058       0x50 ./Stm32_F103C6_Drivers/I2C.o
                0x0000000020000058                Global_I2C_Config
 .bss.G_SPI_Config
                0x00000000200000a8        0x8 ./Stm32_F103C6_Drivers/SPI.o
                0x00000000200000a8                G_SPI_Config
 .bss.Global_config
                0x00000000200000b0        0x4 ./Stm32_F103C6_Drivers/USART.o
                0x00000000200000b0                Global_config
 *(COMMON)
                0x00000000200000b4                . = ALIGN (0x4)
                0x00000000200000b4                _ebss = .
                0x00000000200000b4                __bss_end__ = _ebss

._user_heap_stack
                0x00000000200000b4      0x604 load address 0x0000000008001320
                0x00000000200000b8                . = ALIGN (0x8)
 *fill*         0x00000000200000b4        0x4 
                [!provide]                        PROVIDE (end = .)
                0x00000000200000b8                PROVIDE (_end = .)
                0x00000000200002b8                . = (. + _Min_Heap_Size)
 *fill*         0x00000000200000b8      0x200 
                0x00000000200006b8                . = (. + _Min_Stack_Size)
 *fill*         0x00000000200002b8      0x400 
                0x00000000200006b8                . = ALIGN (0x8)

/DISCARD/
 libc.a(*)
 libm.a(*)
 libgcc.a(*)

.ARM.attributes
                0x0000000000000000       0x29
 *(.ARM.attributes)
 .ARM.attributes
                0x0000000000000000       0x1d C:/ST/STM32CubeIDE_1.14.1/STM32CubeIDE/plugins/com.st.stm32cube.ide.mcu.externaltools.gnu-tools-for-stm32.11.3.rel1.win32_1.1.100.202309141235/tools/bin/../lib/gcc/arm-none-eabi/11.3.1/thumb/v7-m/nofp/crti.o
 .ARM.attributes
                0x000000000000001d       0x2d C:/ST/STM32CubeIDE_1.14.1/STM32CubeIDE/plugins/com.st.stm32cube.ide.mcu.externaltools.gnu-tools-for-stm32.11.3.rel1.win32_1.1.100.202309141235/tools/bin/../lib/gcc/arm-none-eabi/11.3.1/thumb/v7-m/nofp/crtbegin.o
 .ARM.attributes
                0x000000000000004a       0x2d ./HAL/EEPROM.o
 .ARM.attributes
                0x0000000000000077       0x2d ./Src/main.o
 .ARM.attributes
                0x00000000000000a4       0x21 ./Startup/startup_stm32f103c6tx.o
 .ARM.attributes
                0x00000000000000c5       0x2d ./Stm32_F103C6_Drivers/EXTI.o
 .ARM.attributes
                0x00000000000000f2       0x2d ./Stm32_F103C6_Drivers/GPIO.o
 .ARM.attributes
                0x000000000000011f       0x2d ./Stm32_F103C6_Drivers/I2C.o
 .ARM.attributes
                0x000000000000014c       0x2d ./Stm32_F103C6_Drivers/RCC.o
 .ARM.attributes
                0x0000000000000179       0x2d ./Stm32_F103C6_Drivers/SPI.o
 .ARM.attributes
                0x00000000000001a6       0x2d ./Stm32_F103C6_Drivers/USART.o
 .ARM.attributes
                0x00000000000001d3       0x2d C:/ST/STM32CubeIDE_1.14.1/STM32CubeIDE/plugins/com.st.stm32cube.ide.mcu.externaltools.gnu-tools-for-stm32.11.3.rel1.win32_1.1.100.202309141235/tools/bin/../lib/gcc/arm-none-eabi/11.3.1/../../../../arm-none-eabi/lib/thumb/v7-m/nofp\libc_nano.a(libc_a-init.o)
 .ARM.attributes
                0x0000000000000200       0x1d C:/ST/STM32CubeIDE_1.14.1/STM32CubeIDE/plugins/com.st.stm32cube.ide.mcu.externaltools.gnu-tools-for-stm32.11.3.rel1.win32_1.1.100.202309141235/tools/bin/../lib/gcc/arm-none-eabi/11.3.1/thumb/v7-m/nofp/crtn.o
OUTPUT(Drivers.elf elf32-littlearm)
LOAD linker stubs
LOAD C:/ST/STM32CubeIDE_1.14.1/STM32CubeIDE/plugins/com.st.stm32cube.ide.mcu.externaltools.gnu-tools-for-stm32.11.3.rel1.win32_1.1.100.202309141235/tools/bin/../lib/gcc/arm-none-eabi/11.3.1/../../../../arm-none-eabi/lib/thumb/v7-m/nofp\libc.a
LOAD C:/ST/STM32CubeIDE_1.14.1/STM32CubeIDE/plugins/com.st.stm32cube.ide.mcu.externaltools.gnu-tools-for-stm32.11.3.rel1.win32_1.1.100.202309141235/tools/bin/../lib/gcc/arm-none-eabi/11.3.1/../../../../arm-none-eabi/lib/thumb/v7-m/nofp\libm.a
LOAD C:/ST/STM32CubeIDE_1.14.1/STM32CubeIDE/plugins/com.st.stm32cube.ide.mcu.externaltools.gnu-tools-for-stm32.11.3.rel1.win32_1.1.100.202309141235/tools/bin/../lib/gcc/arm-none-eabi/11.3.1/thumb/v7-m/nofp\libgcc.a

.comment        0x0000000000000000       0x43
 .comment       0x0000000000000000       0x43 C:/ST/STM32CubeIDE_1.14.1/STM32CubeIDE/plugins/com.st.stm32cube.ide.mcu.externaltools.gnu-tools-for-stm32.11.3.rel1.win32_1.1.100.202309141235/tools/bin/../lib/gcc/arm-none-eabi/11.3.1/thumb/v7-m/nofp/crtbegin.o
                                         0x44 (size before relaxing)
 .comment       0x0000000000000043       0x44 ./HAL/EEPROM.o
 .comment       0x0000000000000043       0x44 ./Src/main.o
 .comment       0x0000000000000043       0x44 ./Stm32_F103C6_Drivers/EXTI.o
 .comment       0x0000000000000043       0x44 ./Stm32_F103C6_Drivers/GPIO.o
 .comment       0x0000000000000043       0x44 ./Stm32_F103C6_Drivers/I2C.o
 .comment       0x0000000000000043       0x44 ./Stm32_F103C6_Drivers/RCC.o
 .comment       0x0000000000000043       0x44 ./Stm32_F103C6_Drivers/SPI.o
 .comment       0x0000000000000043       0x44 ./Stm32_F103C6_Drivers/USART.o

.debug_info     0x0000000000000000     0x27ed
 .debug_info    0x0000000000000000      0x465 ./HAL/EEPROM.o
 .debug_info    0x0000000000000465      0x21e ./Src/main.o
 .debug_info    0x0000000000000683       0x22 ./Startup/startup_stm32f103c6tx.o
 .debug_info    0x00000000000006a5      0x505 ./Stm32_F103C6_Drivers/EXTI.o
 .debug_info    0x0000000000000baa      0x465 ./Stm32_F103C6_Drivers/GPIO.o
 .debug_info    0x000000000000100f      0xa13 ./Stm32_F103C6_Drivers/I2C.o
 .debug_info    0x0000000000001a22      0x209 ./Stm32_F103C6_Drivers/RCC.o
 .debug_info    0x0000000000001c2b      0x649 ./Stm32_F103C6_Drivers/SPI.o
 .debug_info    0x0000000000002274      0x579 ./Stm32_F103C6_Drivers/USART.o

.debug_abbrev   0x0000000000000000      0xc34
 .debug_abbrev  0x0000000000000000      0x13d ./HAL/EEPROM.o
 .debug_abbrev  0x000000000000013d      0x11a ./Src/main.o
 .debug_abbrev  0x0000000000000257       0x12 ./Startup/startup_stm32f103c6tx.o
 .debug_abbrev  0x0000000000000269      0x1a1 ./Stm32_F103C6_Drivers/EXTI.o
 .debug_abbrev  0x000000000000040a      0x153 ./Stm32_F103C6_Drivers/GPIO.o
 .debug_abbrev  0x000000000000055d      0x26a ./Stm32_F103C6_Drivers/I2C.o
 .debug_abbrev  0x00000000000007c7       0xda ./Stm32_F103C6_Drivers/RCC.o
 .debug_abbrev  0x00000000000008a1      0x1e1 ./Stm32_F103C6_Drivers/SPI.o
 .debug_abbrev  0x0000000000000a82      0x1b2 ./Stm32_F103C6_Drivers/USART.o

.debug_loc      0x0000000000000000     0x12ce
 .debug_loc     0x0000000000000000       0xf2 ./HAL/EEPROM.o
 .debug_loc     0x00000000000000f2       0x7c ./Src/main.o
 .debug_loc     0x000000000000016e      0x320 ./Stm32_F103C6_Drivers/EXTI.o
 .debug_loc     0x000000000000048e      0x330 ./Stm32_F103C6_Drivers/GPIO.o
 .debug_loc     0x00000000000007be      0x4f8 ./Stm32_F103C6_Drivers/I2C.o
 .debug_loc     0x0000000000000cb6       0xc8 ./Stm32_F103C6_Drivers/RCC.o
 .debug_loc     0x0000000000000d7e      0x2bc ./Stm32_F103C6_Drivers/SPI.o
 .debug_loc     0x000000000000103a      0x294 ./Stm32_F103C6_Drivers/USART.o

.debug_aranges  0x0000000000000000      0x2e0
 .debug_aranges
                0x0000000000000000       0x30 ./HAL/EEPROM.o
 .debug_aranges
                0x0000000000000030       0x28 ./Src/main.o
 .debug_aranges
                0x0000000000000058       0x28 ./Startup/startup_stm32f103c6tx.o
 .debug_aranges
                0x0000000000000080       0x80 ./Stm32_F103C6_Drivers/EXTI.o
 .debug_aranges
                0x0000000000000100       0x60 ./Stm32_F103C6_Drivers/GPIO.o
 .debug_aranges
                0x0000000000000160       0x90 ./Stm32_F103C6_Drivers/I2C.o
 .debug_aranges
                0x00000000000001f0       0x38 ./Stm32_F103C6_Drivers/RCC.o
 .debug_aranges
                0x0000000000000228       0x58 ./Stm32_F103C6_Drivers/SPI.o
 .debug_aranges
                0x0000000000000280       0x60 ./Stm32_F103C6_Drivers/USART.o

.debug_ranges   0x0000000000000000      0x258
 .debug_ranges  0x0000000000000000       0x20 ./HAL/EEPROM.o
 .debug_ranges  0x0000000000000020       0x18 ./Src/main.o
 .debug_ranges  0x0000000000000038       0x20 ./Startup/startup_stm32f103c6tx.o
 .debug_ranges  0x0000000000000058       0x70 ./Stm32_F103C6_Drivers/EXTI.o
 .debug_ranges  0x00000000000000c8       0x50 ./Stm32_F103C6_Drivers/GPIO.o
 .debug_ranges  0x0000000000000118       0x80 ./Stm32_F103C6_Drivers/I2C.o
 .debug_ranges  0x0000000000000198       0x28 ./Stm32_F103C6_Drivers/RCC.o
 .debug_ranges  0x00000000000001c0       0x48 ./Stm32_F103C6_Drivers/SPI.o
 .debug_ranges  0x0000000000000208       0x50 ./Stm32_F103C6_Drivers/USART.o

.debug_macro    0x0000000000000000     0x248b
 .debug_macro   0x0000000000000000       0x5a ./HAL/EEPROM.o
 .debug_macro   0x000000000000005a      0xaa2 ./HAL/EEPROM.o
 .debug_macro   0x0000000000000afc       0x10 ./HAL/EEPROM.o
 .debug_macro   0x0000000000000b0c      0x707 ./HAL/EEPROM.o
 .debug_macro   0x0000000000001213       0xd0 ./HAL/EEPROM.o
 .debug_macro   0x00000000000012e3       0x16 ./HAL/EEPROM.o
 .debug_macro   0x00000000000012f9       0x64 ./HAL/EEPROM.o
 .debug_macro   0x000000000000135d       0x9f ./Src/main.o
 .debug_macro   0x00000000000013fc      0x707 ./Src/main.o
 .debug_macro   0x0000000000001b03       0xe2 ./Src/main.o
 .debug_macro   0x0000000000001be5       0xc4 ./Src/main.o
 .debug_macro   0x0000000000001ca9      0x223 ./Src/main.o
 .debug_macro   0x0000000000001ecc       0xc4 ./Src/main.o
 .debug_macro   0x0000000000001f90       0x6a ./Src/main.o
 .debug_macro   0x0000000000001ffa       0x4f ./Stm32_F103C6_Drivers/EXTI.o
 .debug_macro   0x0000000000002049      0x21d ./Stm32_F103C6_Drivers/EXTI.o
 .debug_macro   0x0000000000002266       0x38 ./Stm32_F103C6_Drivers/GPIO.o
 .debug_macro   0x000000000000229e       0x4a ./Stm32_F103C6_Drivers/I2C.o
 .debug_macro   0x00000000000022e8       0x41 ./Stm32_F103C6_Drivers/RCC.o
 .debug_macro   0x0000000000002329       0x10 ./Stm32_F103C6_Drivers/RCC.o
 .debug_macro   0x0000000000002339       0x4a ./Stm32_F103C6_Drivers/SPI.o
 .debug_macro   0x0000000000002383       0xbe ./Stm32_F103C6_Drivers/SPI.o
 .debug_macro   0x0000000000002441       0x4a ./Stm32_F103C6_Drivers/USART.o

.debug_line     0x0000000000000000     0x1925
 .debug_line    0x0000000000000000      0x18f ./HAL/EEPROM.o
 .debug_line    0x000000000000018f      0x16e ./Src/main.o
 .debug_line    0x00000000000002fd       0x84 ./Startup/startup_stm32f103c6tx.o
 .debug_line    0x0000000000000381      0x464 ./Stm32_F103C6_Drivers/EXTI.o
 .debug_line    0x00000000000007e5      0x348 ./Stm32_F103C6_Drivers/GPIO.o
 .debug_line    0x0000000000000b2d      0x5f2 ./Stm32_F103C6_Drivers/I2C.o
 .debug_line    0x000000000000111f      0x14e ./Stm32_F103C6_Drivers/RCC.o
 .debug_line    0x000000000000126d      0x3b3 ./Stm32_F103C6_Drivers/SPI.o
 .debug_line    0x0000000000001620      0x305 ./Stm32_F103C6_Drivers/USART.o

.debug_str      0x0000000000000000     0x847d
 .debug_str     0x0000000000000000     0x5a4b ./HAL/EEPROM.o
                                       0x5ad5 (size before relaxing)
 .debug_str     0x0000000000005a4b     0x2107 ./Src/main.o
                                       0x79d9 (size before relaxing)
 .debug_str     0x0000000000007b52       0x2f ./Startup/startup_stm32f103c6tx.o
                                         0x5a (size before relaxing)
 .debug_str     0x0000000000007b81      0x2a7 ./Stm32_F103C6_Drivers/EXTI.o
                                       0x6a0c (size before relaxing)
 .debug_str     0x0000000000007e28       0xe0 ./Stm32_F103C6_Drivers/GPIO.o
                                       0x5796 (size before relaxing)
 .debug_str     0x0000000000007f08      0x1e3 ./Stm32_F103C6_Drivers/I2C.o
                                       0x5cfb (size before relaxing)
 .debug_str     0x00000000000080eb       0x82 ./Stm32_F103C6_Drivers/RCC.o
                                       0x5730 (size before relaxing)
 .debug_str     0x000000000000816d      0x1b6 ./Stm32_F103C6_Drivers/SPI.o
                                       0x5e1e (size before relaxing)
 .debug_str     0x0000000000008323      0x15a ./Stm32_F103C6_Drivers/USART.o
                                       0x5eb8 (size before relaxing)

.debug_frame    0x0000000000000000      0x984
 .debug_frame   0x0000000000000000       0x80 ./HAL/EEPROM.o
 .debug_frame   0x0000000000000080       0x50 ./Src/main.o
 .debug_frame   0x00000000000000d0      0x1b0 ./Stm32_F103C6_Drivers/EXTI.o
 .debug_frame   0x0000000000000280      0x178 ./Stm32_F103C6_Drivers/GPIO.o
 .debug_frame   0x00000000000003f8      0x24c ./Stm32_F103C6_Drivers/I2C.o
 .debug_frame   0x0000000000000644       0x84 ./Stm32_F103C6_Drivers/RCC.o
 .debug_frame   0x00000000000006c8      0x144 ./Stm32_F103C6_Drivers/SPI.o
 .debug_frame   0x000000000000080c      0x14c ./Stm32_F103C6_Drivers/USART.o
 .debug_frame   0x0000000000000958       0x2c C:/ST/STM32CubeIDE_1.14.1/STM32CubeIDE/plugins/com.st.stm32cube.ide.mcu.externaltools.gnu-tools-for-stm32.11.3.rel1.win32_1.1.100.202309141235/tools/bin/../lib/gcc/arm-none-eabi/11.3.1/../../../../arm-none-eabi/lib/thumb/v7-m/nofp\libc_nano.a(libc_a-init.o)
