../MY_RTOS/Scheduler.c:40:28:PendSV_Handler	0	static,ignoring_inline_asm
../MY_RTOS/Scheduler.c:113:6:IsmailRTOS_IdleTask	4	static,ignoring_inline_asm
../MY_RTOS/Scheduler.c:121:6:IsmailRTOS_Create_IdleTask	4	static
../MY_RTOS/Scheduler.c:130:6:IsmailRTOS_Create_MainStack	4	static
../MY_RTOS/Scheduler.c:137:20:IsmailRTOS_Init	16	static
../MY_RTOS/Scheduler.c:160:6:IsmailRTOS_CreateTask_Stack	24	static
../MY_RTOS/Scheduler.c:197:20:IsmailRTOS_CreateTask	24	static
../MY_RTOS/Scheduler.c:228:6:bubbleSort	24	static
../MY_RTOS/Scheduler.c:247:6:IsmailRTOS_UpdateSchedular	24	static
../MY_RTOS/Scheduler.c:296:6:Decide_WhatNext	8	static
../MY_RTOS/Scheduler.c:320:6:Os_SVC_Services	24	static
../MY_RTOS/Scheduler.c:351:6:RTOS_OS_SVC_SET	16	static,ignoring_inline_asm
../MY_RTOS/Scheduler.c:370:6:IsmailRTOS_ActivateTask	16	static
../MY_RTOS/Scheduler.c:376:6:IsmailRTOS_DectivateTask	16	static
../MY_RTOS/Scheduler.c:382:6:IsmailRTOS_TaskWait	16	static
../MY_RTOS/Scheduler.c:392:6:MYRTOS_Update_TasksWaitingTime	16	static
../MY_RTOS/Scheduler.c:411:6:IsmailRTOS_STARTOS	8	static,ignoring_inline_asm
../MY_RTOS/Scheduler.c:432:20:IsmailRTOS_AcquireMutex	16	static
../MY_RTOS/Scheduler.c:456:6:IsmailRTOS_ReleaseMutex	16	static
