C:/Users/ismail/Downloads/Micro_Essential_Peripheral/4.GPIO EXTI & Section/lab assignment/code/CMSIS/core_cm3.h:1638:22:__NVIC_SetPriority	16	static
C:/Users/ismail/Downloads/Micro_Essential_Peripheral/4.GPIO EXTI & Section/lab assignment/code/CMSIS/core_cm3.h:1836:26:SysTick_Config	16	static
../MY_RTOS/CortexMX_OS_porting.c:10:6:HW_init	8	static
../MY_RTOS/CortexMX_OS_porting.c:27:6:HardFault_Handler	4	static
../MY_RTOS/CortexMX_OS_porting.c:31:6:MemManage_Handler	4	static
../MY_RTOS/CortexMX_OS_porting.c:35:6:BusFault_Handler	4	static
../MY_RTOS/CortexMX_OS_porting.c:39:6:UsageFault_Handler	4	static
../MY_RTOS/CortexMX_OS_porting.c:44:27:SVC_Handler	0	static,ignoring_inline_asm
../MY_RTOS/CortexMX_OS_porting.c:53:6:Trigger_OS_PendSV	4	static
../MY_RTOS/CortexMX_OS_porting.c:58:6:Start_ticker	8	static
../MY_RTOS/CortexMX_OS_porting.c:69:6:SysTick_Handler	8	static
